Component: ARM Compiler 5.06 update 4 (build 422) Tool: armlink [4d35d2]

==============================================================================

Section Cross References

    main.o(i.SystemClock_Config) refers to stm32f1xx_hal_rcc.o(i.HAL_RCC_OscConfig) for HAL_RCC_OscConfig
    main.o(i.SystemClock_Config) refers to stm32f1xx_hal_rcc.o(i.HAL_RCC_ClockConfig) for HAL_RCC_ClockConfig
    main.o(i.SystemClock_Config) refers to stm32f1xx_hal_rcc.o(i.HAL_RCC_GetHCLKFreq) for HAL_RCC_GetHCLKFreq
    main.o(i.SystemClock_Config) refers to stm32f1xx_hal_cortex.o(i.HAL_SYSTICK_Config) for HAL_SYSTICK_Config
    main.o(i.SystemClock_Config) refers to stm32f1xx_hal_cortex.o(i.HAL_SYSTICK_CLKSourceConfig) for HAL_SYSTICK_CLKSourceConfig
    main.o(i.SystemClock_Config) refers to stm32f1xx_hal_cortex.o(i.HAL_NVIC_SetPriority) for HAL_NVIC_SetPriority
    main.o(i.main) refers to stm32f1xx_hal.o(i.HAL_Init) for HAL_Init
    main.o(i.main) refers to main.o(i.SystemClock_Config) for SystemClock_Config
    main.o(i.main) refers to gpio.o(i.MX_GPIO_Init) for MX_GPIO_Init
    main.o(i.main) refers to dma.o(i.MX_DMA_Init) for MX_DMA_Init
    main.o(i.main) refers to can.o(i.MX_CAN_Init) for MX_CAN_Init
    main.o(i.main) refers to tim.o(i.MX_TIM3_Init) for MX_TIM3_Init
    main.o(i.main) refers to usart.o(i.MX_USART1_UART_Init) for MX_USART1_UART_Init
    main.o(i.main) refers to bsp_uart.o(i.Uart_Receive_Start) for Uart_Receive_Start
    main.o(i.main) refers to bsp_event.o(i.Event_Init) for Event_Init
    main.o(i.main) refers to bsp_can.o(i.CanInit) for CanInit
    main.o(i.main) refers to stm32f1xx_hal_tim.o(i.HAL_TIM_Base_Start_IT) for HAL_TIM_Base_Start_IT
    main.o(i.main) refers to stm32f1xx_hal.o(i.HAL_Delay) for HAL_Delay
    main.o(i.main) refers to bsp_dac_gpio.o(i.Dac_Init) for Dac_Init
    main.o(i.main) refers to bsp_dac_gpio.o(i.Dac_SendWord) for Dac_SendWord
    main.o(i.main) refers to stm32f1xx_hal_gpio.o(i.HAL_GPIO_WritePin) for HAL_GPIO_WritePin
    main.o(i.main) refers to bsp_channel.o(i.Channel_Config) for Channel_Config
    main.o(i.main) refers to bsp_usart_protocol.o(i.UsartProtocol_PickFrame) for UsartProtocol_PickFrame
    main.o(i.main) refers to bsp_can.o(i.Can_Server) for Can_Server
    main.o(i.main) refers to usart.o(.bss) for huart1
    main.o(i.main) refers to bsp_event.o(.bss) for Event_obj
    main.o(i.main) refers to can.o(.bss) for hcan
    main.o(i.main) refers to bsp_can.o(.bss) for Bsp_Can_obj
    main.o(i.main) refers to tim.o(.bss) for htim3
    main.o(i.main) refers to bsp_channel.o(.data) for Relay_obj
    main.o(i.main) refers to bsp_usart_protocol.o(.bss) for UsartProtocol
    can.o(i.HAL_CAN_MspDeInit) refers to stm32f1xx_hal_gpio.o(i.HAL_GPIO_DeInit) for HAL_GPIO_DeInit
    can.o(i.HAL_CAN_MspDeInit) refers to stm32f1xx_hal_cortex.o(i.HAL_NVIC_DisableIRQ) for HAL_NVIC_DisableIRQ
    can.o(i.HAL_CAN_MspInit) refers to stm32f1xx_hal_gpio.o(i.HAL_GPIO_Init) for HAL_GPIO_Init
    can.o(i.HAL_CAN_MspInit) refers to stm32f1xx_hal_cortex.o(i.HAL_NVIC_SetPriority) for HAL_NVIC_SetPriority
    can.o(i.HAL_CAN_MspInit) refers to stm32f1xx_hal_cortex.o(i.HAL_NVIC_EnableIRQ) for HAL_NVIC_EnableIRQ
    can.o(i.MX_CAN_Init) refers to stm32f1xx_hal_can.o(i.HAL_CAN_Init) for HAL_CAN_Init
    can.o(i.MX_CAN_Init) refers to main.o(i._Error_Handler) for _Error_Handler
    can.o(i.MX_CAN_Init) refers to can.o(.bss) for .bss
    usart.o(i.HAL_UART_MspDeInit) refers to stm32f1xx_hal_gpio.o(i.HAL_GPIO_DeInit) for HAL_GPIO_DeInit
    usart.o(i.HAL_UART_MspDeInit) refers to stm32f1xx_hal_dma.o(i.HAL_DMA_DeInit) for HAL_DMA_DeInit
    usart.o(i.HAL_UART_MspDeInit) refers to stm32f1xx_hal_cortex.o(i.HAL_NVIC_DisableIRQ) for HAL_NVIC_DisableIRQ
    usart.o(i.HAL_UART_MspInit) refers to stm32f1xx_hal_gpio.o(i.HAL_GPIO_Init) for HAL_GPIO_Init
    usart.o(i.HAL_UART_MspInit) refers to stm32f1xx_hal_dma.o(i.HAL_DMA_Init) for HAL_DMA_Init
    usart.o(i.HAL_UART_MspInit) refers to main.o(i._Error_Handler) for _Error_Handler
    usart.o(i.HAL_UART_MspInit) refers to stm32f1xx_hal_cortex.o(i.HAL_NVIC_SetPriority) for HAL_NVIC_SetPriority
    usart.o(i.HAL_UART_MspInit) refers to stm32f1xx_hal_cortex.o(i.HAL_NVIC_EnableIRQ) for HAL_NVIC_EnableIRQ
    usart.o(i.HAL_UART_MspInit) refers to usart.o(.bss) for .bss
    usart.o(i.MX_USART1_UART_Init) refers to stm32f1xx_hal_uart.o(i.HAL_UART_Init) for HAL_UART_Init
    usart.o(i.MX_USART1_UART_Init) refers to main.o(i._Error_Handler) for _Error_Handler
    usart.o(i.MX_USART1_UART_Init) refers to usart.o(.bss) for .bss
    tim.o(i.HAL_TIM_Base_MspDeInit) refers to stm32f1xx_hal_cortex.o(i.HAL_NVIC_DisableIRQ) for HAL_NVIC_DisableIRQ
    tim.o(i.HAL_TIM_Base_MspInit) refers to stm32f1xx_hal_cortex.o(i.HAL_NVIC_SetPriority) for HAL_NVIC_SetPriority
    tim.o(i.HAL_TIM_Base_MspInit) refers to stm32f1xx_hal_cortex.o(i.HAL_NVIC_EnableIRQ) for HAL_NVIC_EnableIRQ
    tim.o(i.MX_TIM3_Init) refers to stm32f1xx_hal_tim.o(i.HAL_TIM_Base_Init) for HAL_TIM_Base_Init
[...]
    Removing stm32f1xx_hal_tim_ex.o(i.HAL_TIMEx_HallSensor_Init), (188 bytes).
    Removing stm32f1xx_hal_tim_ex.o(i.HAL_TIMEx_HallSensor_MspDeInit), (2 bytes).
    Removing stm32f1xx_hal_tim_ex.o(i.HAL_TIMEx_HallSensor_MspInit), (2 bytes).
    Removing stm32f1xx_hal_tim_ex.o(i.HAL_TIMEx_HallSensor_Start), (28 bytes).
    Removing stm32f1xx_hal_tim_ex.o(i.HAL_TIMEx_HallSensor_Start_DMA), (104 bytes).
    Removing stm32f1xx_hal_tim_ex.o(i.HAL_TIMEx_HallSensor_Start_IT), (38 bytes).
    Removing stm32f1xx_hal_tim_ex.o(i.HAL_TIMEx_HallSensor_Stop), (46 bytes).
    Removing stm32f1xx_hal_tim_ex.o(i.HAL_TIMEx_HallSensor_Stop_DMA), (56 bytes).
    Removing stm32f1xx_hal_tim_ex.o(i.HAL_TIMEx_HallSensor_Stop_IT), (56 bytes).
    Removing stm32f1xx_hal_tim_ex.o(i.HAL_TIMEx_OCN_Start), (36 bytes).
    Removing stm32f1xx_hal_tim_ex.o(i.HAL_TIMEx_OCN_Start_DMA), (220 bytes).
    Removing stm32f1xx_hal_tim_ex.o(i.HAL_TIMEx_OCN_Start_IT), (96 bytes).
    Removing stm32f1xx_hal_tim_ex.o(i.HAL_TIMEx_OCN_Stop), (68 bytes).
    Removing stm32f1xx_hal_tim_ex.o(i.HAL_TIMEx_OCN_Stop_DMA), (124 bytes).
    Removing stm32f1xx_hal_tim_ex.o(i.HAL_TIMEx_OCN_Stop_IT), (134 bytes).
    Removing stm32f1xx_hal_tim_ex.o(i.HAL_TIMEx_OnePulseN_Start), (26 bytes).
    Removing stm32f1xx_hal_tim_ex.o(i.HAL_TIMEx_OnePulseN_Start_IT), (46 bytes).
    Removing stm32f1xx_hal_tim_ex.o(i.HAL_TIMEx_OnePulseN_Stop), (68 bytes).
    Removing stm32f1xx_hal_tim_ex.o(i.HAL_TIMEx_OnePulseN_Stop_IT), (88 bytes).
    Removing stm32f1xx_hal_tim_ex.o(i.HAL_TIMEx_PWMN_Start), (36 bytes).
    Removing stm32f1xx_hal_tim_ex.o(i.HAL_TIMEx_PWMN_Start_DMA), (220 bytes).
    Removing stm32f1xx_hal_tim_ex.o(i.HAL_TIMEx_PWMN_Start_IT), (96 bytes).
    Removing stm32f1xx_hal_tim_ex.o(i.HAL_TIMEx_PWMN_Stop), (68 bytes).
    Removing stm32f1xx_hal_tim_ex.o(i.HAL_TIMEx_PWMN_Stop_DMA), (124 bytes).
    Removing stm32f1xx_hal_tim_ex.o(i.HAL_TIMEx_PWMN_Stop_IT), (134 bytes).
    Removing stm32f1xx_hal_tim_ex.o(i.TIMEx_DMACommutationCplt), (16 bytes).
    Removing stm32f1xx_hal_tim_ex.o(i.TIM_CCxNChannelCmd), (22 bytes).
    Removing stm32f1xx_hal_pwr.o(.rev16_text), (4 bytes).
    Removing stm32f1xx_hal_pwr.o(.revsh_text), (4 bytes).
    Removing stm32f1xx_hal_pwr.o(.rrx_text), (6 bytes).
    Removing stm32f1xx_hal_pwr.o(i.HAL_PWR_ConfigPVD), (124 bytes).
    Removing stm32f1xx_hal_pwr.o(i.HAL_PWR_DeInit), (24 bytes).
    Removing stm32f1xx_hal_pwr.o(i.HAL_PWR_DisableBkUpAccess), (12 bytes).
    Removing stm32f1xx_hal_pwr.o(i.HAL_PWR_DisablePVD), (12 bytes).
    Removing stm32f1xx_hal_pwr.o(i.HAL_PWR_DisableSEVOnPend), (16 bytes).
    Removing stm32f1xx_hal_pwr.o(i.HAL_PWR_DisableSleepOnExit), (16 bytes).
    Removing stm32f1xx_hal_pwr.o(i.HAL_PWR_DisableWakeUpPin), (28 bytes).
    Removing stm32f1xx_hal_pwr.o(i.HAL_PWR_EnableBkUpAccess), (12 bytes).
    Removing stm32f1xx_hal_pwr.o(i.HAL_PWR_EnablePVD), (12 bytes).
    Removing stm32f1xx_hal_pwr.o(i.HAL_PWR_EnableSEVOnPend), (16 bytes).
    Removing stm32f1xx_hal_pwr.o(i.HAL_PWR_EnableSleepOnExit), (16 bytes).
    Removing stm32f1xx_hal_pwr.o(i.HAL_PWR_EnableWakeUpPin), (28 bytes).
    Removing stm32f1xx_hal_pwr.o(i.HAL_PWR_EnterSLEEPMode), (32 bytes).
    Removing stm32f1xx_hal_pwr.o(i.HAL_PWR_EnterSTANDBYMode), (32 bytes).
    Removing stm32f1xx_hal_pwr.o(i.HAL_PWR_EnterSTOPMode), (68 bytes).
    Removing stm32f1xx_hal_pwr.o(i.HAL_PWR_PVDCallback), (2 bytes).
    Removing stm32f1xx_hal_pwr.o(i.HAL_PWR_PVD_IRQHandler), (28 bytes).
    Removing stm32f1xx_hal_pwr.o(i.PWR_OverloadWfe), (6 bytes).
    Removing stm32f1xx_hal_rcc.o(.rev16_text), (4 bytes).
    Removing stm32f1xx_hal_rcc.o(.revsh_text), (4 bytes).
    Removing stm32f1xx_hal_rcc.o(.rrx_text), (6 bytes).
    Removing stm32f1xx_hal_rcc.o(i.HAL_RCC_CSSCallback), (2 bytes).
    Removing stm32f1xx_hal_rcc.o(i.HAL_RCC_DeInit), (68 bytes).
    Removing stm32f1xx_hal_rcc.o(i.HAL_RCC_DisableCSS), (12 bytes).
    Removing stm32f1xx_hal_rcc.o(i.HAL_RCC_EnableCSS), (12 bytes).
    Removing stm32f1xx_hal_rcc.o(i.HAL_RCC_GetClockConfig), (64 bytes).
    Removing stm32f1xx_hal_rcc.o(i.HAL_RCC_GetOscConfig), (144 bytes).
    Removing stm32f1xx_hal_rcc.o(i.HAL_RCC_MCOConfig), (72 bytes).
    Removing stm32f1xx_hal_rcc.o(i.HAL_RCC_NMI_IRQHandler), (24 bytes).
    Removing stm32f1xx_hal_flash.o(.rev16_text), (4 bytes).
    Removing stm32f1xx_hal_flash.o(.revsh_text), (4 bytes).
    Removing stm32f1xx_hal_flash.o(.rrx_text), (6 bytes).
    Removing stm32f1xx_hal_flash.o(i.FLASH_Program_HalfWord), (48 bytes).
    Removing stm32f1xx_hal_flash.o(i.FLASH_SetErrorCode), (124 bytes).
    Removing stm32f1xx_hal_flash.o(i.FLASH_WaitForLastOperation), (84 bytes).
    Removing stm32f1xx_hal_flash.o(i.FLASH_WaitForLastOperationBank2), (80 bytes).
    Removing stm32f1xx_hal_flash.o(i.HAL_FLASH_EndOfOperationCallback), (2 bytes).
    Removing stm32f1xx_hal_flash.o(i.HAL_FLASH_GetError), (12 bytes).
    Removing stm32f1xx_hal_flash.o(i.HAL_FLASH_IRQHandler), (488 bytes).
    Removing stm32f1xx_hal_flash.o(i.HAL_FLASH_Lock), (28 bytes).
    Removing stm32f1xx_hal_flash.o(i.HAL_FLASH_OB_Launch), (4 bytes).
    Removing stm32f1xx_hal_flash.o(i.HAL_FLASH_OB_Lock), (20 bytes).
    Removing stm32f1xx_hal_flash.o(i.HAL_FLASH_OB_Unlock), (36 bytes).
    Removing stm32f1xx_hal_flash.o(i.HAL_FLASH_OperationErrorCallback), (2 bytes).
    Removing stm32f1xx_hal_flash.o(i.HAL_FLASH_Program), (168 bytes).
    Removing stm32f1xx_hal_flash.o(i.HAL_FLASH_Program_IT), (144 bytes).
    Removing stm32f1xx_hal_flash.o(i.HAL_FLASH_Unlock), (48 bytes).
    Removing stm32f1xx_hal_flash.o(.bss), (32 bytes).
    Removing stm32f1xx_hal_iwdg.o(.rev16_text), (4 bytes).
    Removing stm32f1xx_hal_iwdg.o(.revsh_text), (4 bytes).
    Removing stm32f1xx_hal_iwdg.o(.rrx_text), (6 bytes).
    Removing stm32f1xx_hal_iwdg.o(i.HAL_IWDG_Init), (82 bytes).
    Removing stm32f1xx_hal_iwdg.o(i.HAL_IWDG_Refresh), (12 bytes).
    Removing startup_stm32f103xg.o(HEAP), (512 bytes).

399 unused section(s) (total 21995 bytes) removed from the image.

==============================================================================

Image Symbol Table

    Local Symbols

    Symbol Name                              Value     Ov Type        Size  Object(Section)

    ../Drivers/STM32F1xx_HAL_Driver/Src/stm32f1xx_hal.c 0x00000000   Number         0  stm32f1xx_hal.o ABSOLUTE
    ../Drivers/STM32F1xx_HAL_Driver/Src/stm32f1xx_hal_can.c 0x00000000   Number         0  stm32f1xx_hal_can.o ABSOLUTE
    ../Drivers/STM32F1xx_HAL_Driver/Src/stm32f1xx_hal_cortex.c 0x00000000   Number         0  stm32f1xx_hal_cortex.o ABSOLUTE
    ../Drivers/STM32F1xx_HAL_Driver/Src/stm32f1xx_hal_dma.c 0x00000000   Number         0  stm32f1xx_hal_dma.o ABSOLUTE
    ../Drivers/STM32F1xx_HAL_Driver/Src/stm32f1xx_hal_flash.c 0x00000000   Number         0  stm32f1xx_hal_flash.o ABSOLUTE
    ../Drivers/STM32F1xx_HAL_Driver/Src/stm32f1xx_hal_flash_ex.c 0x00000000   Number         0  stm32f1xx_hal_flash_ex.o ABSOLUTE
    ../Drivers/STM32F1xx_HAL_Driver/Src/stm32f1xx_hal_gpio.c 0x00000000   Number         0  stm32f1xx_hal_gpio.o ABSOLUTE
    ../Drivers/STM32F1xx_HAL_Driver/Src/stm32f1xx_hal_gpio_ex.c 0x00000000   Number         0  stm32f1xx_hal_gpio_ex.o ABSOLUTE
    ../Drivers/STM32F1xx_HAL_Driver/Src/stm32f1xx_hal_iwdg.c 0x00000000   Number         0  stm32f1xx_hal_iwdg.o ABSOLUTE
    ../Drivers/STM32F1xx_HAL_Driver/Src/stm32f1xx_hal_pwr.c 0x00000000   Number         0  stm32f1xx_hal_pwr.o ABSOLUTE
    ../Drivers/STM32F1xx_HAL_Driver/Src/stm32f1xx_hal_rcc.c 0x00000000   Number         0  stm32f1xx_hal_rcc.o ABSOLUTE
    ../Drivers/STM32F1xx_HAL_Driver/Src/stm32f1xx_hal_rcc_ex.c 0x00000000   Number         0  stm32f1xx_hal_rcc_ex.o ABSOLUTE
    ../Drivers/STM32F1xx_HAL_Driver/Src/stm32f1xx_hal_tim.c 0x00000000   Number         0  stm32f1xx_hal_tim.o ABSOLUTE
    ../Drivers/STM32F1xx_HAL_Driver/Src/stm32f1xx_hal_tim_ex.c 0x00000000   Number         0  stm32f1xx_hal_tim_ex.o ABSOLUTE
    ../Drivers/STM32F1xx_HAL_Driver/Src/stm32f1xx_hal_uart.c 0x00000000   Number         0  stm32f1xx_hal_uart.o ABSOLUTE
    ../Src/can.c                             0x00000000   Number         0  can.o ABSOLUTE
    ../Src/dma.c                             0x00000000   Number         0  dma.o ABSOLUTE
    ../Src/gpio.c                            0x00000000   Number         0  gpio.o ABSOLUTE
    ../Src/iwdg.c                            0x00000000   Number         0  iwdg.o ABSOLUTE
    ../Src/main.c                            0x00000000   Number         0  main.o ABSOLUTE
    ../Src/stm32f1xx_hal_msp.c               0x00000000   Number         0  stm32f1xx_hal_msp.o ABSOLUTE
    ../Src/stm32f1xx_it.c                    0x00000000   Number         0  stm32f1xx_it.o ABSOLUTE
    ../Src/system_stm32f1xx.c                0x00000000   Number         0  system_stm32f1xx.o ABSOLUTE
    ../Src/tim.c                             0x00000000   Number         0  tim.o ABSOLUTE
    ../Src/usart.c                           0x00000000   Number         0  usart.o ABSOLUTE
    ../clib/microlib/division.c              0x00000000   Number         0  uldiv.o ABSOLUTE
    ../clib/microlib/division.c              0x00000000   Number         0  uidiv.o ABSOLUTE
    ../clib/microlib/init/entry.s            0x00000000   Number         0  entry10a.o ABSOLUTE
    ../clib/microlib/init/entry.s            0x00000000   Number         0  entry10b.o ABSOLUTE
    ../clib/microlib/init/entry.s            0x00000000   Number         0  entry11a.o ABSOLUTE
    ../clib/microlib/init/entry.s            0x00000000   Number         0  entry7a.o ABSOLUTE
    ../clib/microlib/init/entry.s            0x00000000   Number         0  entry9b.o ABSOLUTE
    ../clib/microlib/init/entry.s            0x00000000   Number         0  entry.o ABSOLUTE
    ../clib/microlib/init/entry.s            0x00000000   Number         0  entry11b.o ABSOLUTE
    ../clib/microlib/init/entry.s            0x00000000   Number         0  entry9a.o ABSOLUTE
    ../clib/microlib/init/entry.s            0x00000000   Number         0  entry8b.o ABSOLUTE
    ../clib/microlib/init/entry.s            0x00000000   Number         0  entry7b.o ABSOLUTE
    ../clib/microlib/init/entry.s            0x00000000   Number         0  entry8a.o ABSOLUTE
    ../clib/microlib/init/entry.s            0x00000000   Number         0  entry5.o ABSOLUTE
    ../clib/microlib/init/entry.s            0x00000000   Number         0  entry2.o ABSOLUTE
    ../clib/microlib/longlong.c              0x00000000   Number         0  llsshr.o ABSOLUTE
    ../clib/microlib/longlong.c              0x00000000   Number         0  llushr.o ABSOLUTE
    ../clib/microlib/longlong.c              0x00000000   Number         0  llshl.o ABSOLUTE
    ../clib/microlib/printf/printf.c         0x00000000   Number         0  printf5.o ABSOLUTE
    ../clib/microlib/printf/printf.c         0x00000000   Number         0  printf6.o ABSOLUTE
    ../clib/microlib/printf/printf.c         0x00000000   Number         0  printf0.o ABSOLUTE
    ../clib/microlib/printf/printf.c         0x00000000   Number         0  printf7.o ABSOLUTE
    ../clib/microlib/printf/printf.c         0x00000000   Number         0  printfb.o ABSOLUTE
    ../clib/microlib/printf/printf.c         0x00000000   Number         0  printf3.o ABSOLUTE
    ../clib/microlib/printf/printf.c         0x00000000   Number         0  printf4.o ABSOLUTE
    ../clib/microlib/printf/printf.c         0x00000000   Number         0  printf8.o ABSOLUTE
    ../clib/microlib/printf/printf.c         0x00000000   Number         0  printfa.o ABSOLUTE
    ../clib/microlib/printf/printf.c         0x00000000   Number         0  printf1.o ABSOLUTE
    ../clib/microlib/printf/printf.c         0x00000000   Number         0  printf2.o ABSOLUTE
    ../clib/microlib/printf/stubs.s          0x00000000   Number         0  stubs.o ABSOLUTE
    ../clib/microlib/stdio/streams.c         0x00000000   Number         0  stdout.o ABSOLUTE
    ../clib/microlib/string/memcpy.c         0x00000000   Number         0  memcpyb.o ABSOLUTE
    ../clib/microlib/string/memcpy.c         0x00000000   Number         0  memcpya.o ABSOLUTE
    ../clib/microlib/string/memset.c         0x00000000   Number         0  memseta.o ABSOLUTE
    ../clib/microlib/stubs.s                 0x00000000   Number         0  iusefp.o ABSOLUTE
    ../fplib/microlib/d2f.c                  0x00000000   Number         0  d2f.o ABSOLUTE
    ../fplib/microlib/f2d.c                  0x00000000   Number         0  f2d.o ABSOLUTE
    ../fplib/microlib/fpadd.c                0x00000000   Number         0  dadd.o ABSOLUTE
    ../fplib/microlib/fpdiv.c                0x00000000   Number         0  ddiv.o ABSOLUTE
    ../fplib/microlib/fpepilogue.c           0x00000000   Number         0  fepilogue.o ABSOLUTE
    ../fplib/microlib/fpepilogue.c           0x00000000   Number         0  depilogue.o ABSOLUTE
    ../fplib/microlib/fpfix.c                0x00000000   Number         0  dfixul.o ABSOLUTE
    ../fplib/microlib/fpflt.c                0x00000000   Number         0  ffltui.o ABSOLUTE
    ../fplib/microlib/fpmul.c                0x00000000   Number         0  dmul.o ABSOLUTE
    ../fplib/microlib/fpscalb.c              0x00000000   Number         0  dscalb.o ABSOLUTE
    ../fplib/microlib/fpscalb.c              0x00000000   Number         0  fscalb.o ABSOLUTE
    ..\Drivers\STM32F1xx_HAL_Driver\Src\stm32f1xx_hal.c 0x00000000   Number         0  stm32f1xx_hal.o ABSOLUTE
    ..\Drivers\STM32F1xx_HAL_Driver\Src\stm32f1xx_hal_can.c 0x00000000   Number         0  stm32f1xx_hal_can.o ABSOLUTE
    ..\Drivers\STM32F1xx_HAL_Driver\Src\stm32f1xx_hal_cortex.c 0x00000000   Number         0  stm32f1xx_hal_cortex.o ABSOLUTE
    ..\Drivers\STM32F1xx_HAL_Driver\Src\stm32f1xx_hal_dma.c 0x00000000   Number         0  stm32f1xx_hal_dma.o ABSOLUTE
    ..\Drivers\STM32F1xx_HAL_Driver\Src\stm32f1xx_hal_flash.c 0x00000000   Number         0  stm32f1xx_hal_flash.o ABSOLUTE
    ..\Drivers\STM32F1xx_HAL_Driver\Src\stm32f1xx_hal_flash_ex.c 0x00000000   Number         0  stm32f1xx_hal_flash_ex.o ABSOLUTE
    ..\Drivers\STM32F1xx_HAL_Driver\Src\stm32f1xx_hal_gpio.c 0x00000000   Number         0  stm32f1xx_hal_gpio.o ABSOLUTE
    ..\Drivers\STM32F1xx_HAL_Driver\Src\stm32f1xx_hal_gpio_ex.c 0x00000000   Number         0  stm32f1xx_hal_gpio_ex.o ABSOLUTE
    ..\Drivers\STM32F1xx_HAL_Driver\Src\stm32f1xx_hal_iwdg.c 0x00000000   Number         0  stm32f1xx_hal_iwdg.o ABSOLUTE
    ..\Drivers\STM32F1xx_HAL_Driver\Src\stm32f1xx_hal_pwr.c 0x00000000   Number         0  stm32f1xx_hal_pwr.o ABSOLUTE
    ..\Drivers\STM32F1xx_HAL_Driver\Src\stm32f1xx_hal_rcc.c 0x00000000   Number         0  stm32f1xx_hal_rcc.o ABSOLUTE
    ..\Drivers\STM32F1xx_HAL_Driver\Src\stm32f1xx_hal_rcc_ex.c 0x00000000   Number         0  stm32f1xx_hal_rcc_ex.o ABSOLUTE
    ..\Drivers\STM32F1xx_HAL_Driver\Src\stm32f1xx_hal_tim.c 0x00000000   Number         0  stm32f1xx_hal_tim.o ABSOLUTE
    ..\Drivers\STM32F1xx_HAL_Driver\Src\stm32f1xx_hal_tim_ex.c 0x00000000   Number         0  stm32f1xx_hal_tim_ex.o ABSOLUTE
    ..\Drivers\STM32F1xx_HAL_Driver\Src\stm32f1xx_hal_uart.c 0x00000000   Number         0  stm32f1xx_hal_uart.o ABSOLUTE
    ..\Src\can.c                             0x00000000   Number         0  can.o ABSOLUTE
    ..\Src\dma.c                             0x00000000   Number         0  dma.o ABSOLUTE
    ..\Src\gpio.c                            0x00000000   Number         0  gpio.o ABSOLUTE
    ..\Src\iwdg.c                            0x00000000   Number         0  iwdg.o ABSOLUTE
    ..\Src\main.c                            0x00000000   Number         0  main.o ABSOLUTE
    ..\Src\stm32f1xx_hal_msp.c               0x00000000   Number         0  stm32f1xx_hal_msp.o ABSOLUTE
    ..\Src\stm32f1xx_it.c                    0x00000000   Number         0  stm32f1xx_it.o ABSOLUTE
    ..\Src\system_stm32f1xx.c                0x00000000   Number         0  system_stm32f1xx.o ABSOLUTE
    ..\Src\tim.c                             0x00000000   Number         0  tim.o ABSOLUTE
    ..\Src\usart.c                           0x00000000   Number         0  usart.o ABSOLUTE
    ..\\bsp\\src\\bsp_can.c                  0x00000000   Number         0  bsp_can.o ABSOLUTE
    ..\\bsp\\src\\bsp_canprotocol.c          0x00000000   Number         0  bsp_canprotocol.o ABSOLUTE
    ..\\bsp\\src\\bsp_channel.c              0x00000000   Number         0  bsp_channel.o ABSOLUTE
    ..\\bsp\\src\\bsp_dac_gpio.c             0x00000000   Number         0  bsp_dac_gpio.o ABSOLUTE
    ..\\bsp\\src\\bsp_event.c                0x00000000   Number         0  bsp_event.o ABSOLUTE
    ..\\bsp\\src\\bsp_led.c                  0x00000000   Number         0  bsp_led.o ABSOLUTE
    ..\\bsp\\src\\bsp_timer.c                0x00000000   Number         0  bsp_timer.o ABSOLUTE
    ..\\bsp\\src\\bsp_uart.c                 0x00000000   Number         0  bsp_uart.o ABSOLUTE
    ..\\bsp\\src\\bsp_usart_protocol.c       0x00000000   Number         0  bsp_usart_protocol.o ABSOLUTE
    ..\bsp\src\bsp_can.c                     0x00000000   Number         0  bsp_can.o ABSOLUTE
    ..\bsp\src\bsp_canprotocol.c             0x00000000   Number         0  bsp_canprotocol.o ABSOLUTE
    ..\bsp\src\bsp_channel.c                 0x00000000   Number         0  bsp_channel.o ABSOLUTE
    ..\bsp\src\bsp_dac_gpio.c                0x00000000   Number         0  bsp_dac_gpio.o ABSOLUTE
    ..\bsp\src\bsp_event.c                   0x00000000   Number         0  bsp_event.o ABSOLUTE
    ..\bsp\src\bsp_led.c                     0x00000000   Number         0  bsp_led.o ABSOLUTE
    ..\bsp\src\bsp_timer.c                   0x00000000   Number         0  bsp_timer.o ABSOLUTE
    ..\bsp\src\bsp_uart.c                    0x00000000   Number         0  bsp_uart.o ABSOLUTE
    ..\bsp\src\bsp_usart_protocol.c          0x00000000   Number         0  bsp_usart_protocol.o ABSOLUTE
    cdrcmple.s                               0x00000000   Number         0  cdrcmple.o ABSOLUTE
    dc.s                                     0x00000000   Number         0  dc.o ABSOLUTE
    handlers.s                               0x00000000   Number         0  handlers.o ABSOLUTE
    init.s                                   0x00000000   Number         0  init.o ABSOLUTE
    startup_stm32f103xg.s                    0x00000000   Number         0  startup_stm32f103xg.o ABSOLUTE
    RESET                                    0x08000000   Section      304  startup_stm32f103xg.o(RESET)
    .ARM.Collect$$$$00000000                 0x08000130   Section        0  entry.o(.ARM.Collect$$$$00000000)
    .ARM.Collect$$$$00000001                 0x08000130   Section        4  entry2.o(.ARM.Collect$$$$00000001)
    .ARM.Collect$$$$00000004                 0x08000134   Section        4  entry5.o(.ARM.Collect$$$$00000004)
    .ARM.Collect$$$$00000008                 0x08000138   Section        0  entry7b.o(.ARM.Collect$$$$00000008)
    .ARM.Collect$$$$0000000A                 0x08000138   Section        0  entry8b.o(.ARM.Collect$$$$0000000A)
    .ARM.Collect$$$$0000000B                 0x08000138   Section        8  entry9a.o(.ARM.Collect$$$$0000000B)
    .ARM.Collect$$$$0000000D                 0x08000140   Section        0  entry10a.o(.ARM.Collect$$$$0000000D)
    .ARM.Collect$$$$0000000F                 0x08000140   Section        0  entry11a.o(.ARM.Collect$$$$0000000F)
    .ARM.Collect$$$$00002712                 0x08000140   Section        4  entry2.o(.ARM.Collect$$$$00002712)
    __lit__00000000                          0x08000140   Data           4  entry2.o(.ARM.Collect$$$$00002712)
    .text                                    0x08000144   Section       36  startup_stm32f103xg.o(.text)
    .text                                    0x08000168   Section        0  llushr.o(.text)
    .text                                    0x08000188   Section        0  memcpya.o(.text)
    .text                                    0x080001ac   Section        0  memseta.o(.text)
    .text                                    0x080001d0   Section        0  fscalb.o(.text)
    .text                                    0x080001e8   Section        0  dadd.o(.text)
    .text                                    0x08000336   Section        0  dmul.o(.text)
    .text                                    0x0800041a   Section        0  dscalb.o(.text)
    .text                                    0x08000448   Section        0  ffltui.o(.text)
    .text                                    0x08000452   Section        0  f2d.o(.text)
    .text                                    0x08000478   Section        0  d2f.o(.text)
    .text                                    0x080004b0   Section        0  uidiv.o(.text)
    .text                                    0x080004dc   Section        0  uldiv.o(.text)
    .text                                    0x0800053e   Section        0  llshl.o(.text)
    .text                                    0x0800055c   Section        0  llsshr.o(.text)
    .text                                    0x08000580   Section        0  iusefp.o(.text)
    .text                                    0x08000580   Section        0  fepilogue.o(.text)
    .text                                    0x080005ee   Section        0  depilogue.o(.text)
    .text                                    0x080006a8   Section        0  ddiv.o(.text)
    .text                                    0x08000786   Section        0  dfixul.o(.text)
    .text                                    0x080007b8   Section       48  cdrcmple.o(.text)
    .text                                    0x080007e8   Section       36  init.o(.text)
    i.BusFault_Handler                       0x0800080c   Section        0  stm32f1xx_it.o(i.BusFault_Handler)
    i.CAN_Receive_IT                         0x08000810   Section        0  stm32f1xx_hal_can.o(i.CAN_Receive_IT)
    CAN_Receive_IT                           0x08000811   Thumb Code   294  stm32f1xx_hal_can.o(i.CAN_Receive_IT)
    i.CanFrameAnasyse                        0x08000938   Section        0  bsp_canprotocol.o(i.CanFrameAnasyse)
    i.CanInit                                0x080009fc   Section        0  bsp_can.o(i.CanInit)
    i.Can_ItCallbackFunc                     0x08000a74   Section        0  bsp_can.o(i.Can_ItCallbackFunc)
    i.Can_Server                             0x08000af4   Section        0  bsp_can.o(i.Can_Server)
    i.Channel_Config                         0x08000b90   Section        0  bsp_channel.o(i.Channel_Config)
    i.Channel_Ctrl                           0x08000c18   Section        0  bsp_channel.o(i.Channel_Ctrl)
    i.DMA1_Channel4_IRQHandler               0x08000cc4   Section        0  stm32f1xx_it.o(i.DMA1_Channel4_IRQHandler)
    i.DMA_SetConfig                          0x08000cd0   Section        0  stm32f1xx_hal_dma.o(i.DMA_SetConfig)
    DMA_SetConfig                            0x08000cd1   Thumb Code    42  stm32f1xx_hal_dma.o(i.DMA_SetConfig)
    i.DacDelay                               0x08000cfa   Section        0  bsp_dac_gpio.o(i.DacDelay)
    DacDelay                                 0x08000cfb   Thumb Code    12  bsp_dac_gpio.o(i.DacDelay)
    i.Dac_Init                               0x08000d08   Section        0  bsp_dac_gpio.o(i.Dac_Init)
    i.Dac_SendWord                           0x08000d54   Section        0  bsp_dac_gpio.o(i.Dac_SendWord)
    i.Dac_Switch                             0x08000e08   Section        0  bsp_dac_gpio.o(i.Dac_Switch)
    i.DebugMon_Handler                       0x08000e6c   Section        0  stm32f1xx_it.o(i.DebugMon_Handler)
    i.Event_Check                            0x08000e6e   Section        0  bsp_event.o(i.Event_Check)
    i.Event_Init                             0x08000ebc   Section        0  bsp_event.o(i.Event_Init)
    i.Evnet_Set                              0x08000ee4   Section        0  bsp_event.o(i.Evnet_Set)
    i.GetCanAddress                          0x08000f3c   Section        0  bsp_can.o(i.GetCanAddress)
    i.HAL_CAN_ConfigFilter                   0x08001038   Section        0  stm32f1xx_hal_can.o(i.HAL_CAN_ConfigFilter)
    i.HAL_CAN_ErrorCallback                  0x0800112a   Section        0  stm32f1xx_hal_can.o(i.HAL_CAN_ErrorCallback)
    i.HAL_CAN_IRQHandler                     0x0800112c   Section        0  stm32f1xx_hal_can.o(i.HAL_CAN_IRQHandler)
    i.HAL_CAN_Init                           0x08001360   Section        0  stm32f1xx_hal_can.o(i.HAL_CAN_Init)
    i.HAL_CAN_MspInit                        0x0800148c   Section        0  can.o(i.HAL_CAN_MspInit)
    i.HAL_CAN_Receive_IT                     0x080014f4   Section        0  stm32f1xx_hal_can.o(i.HAL_CAN_Receive_IT)
    i.HAL_CAN_RxCpltCallback                 0x080015a8   Section        0  bsp_can.o(i.HAL_CAN_RxCpltCallback)
    i.HAL_CAN_TxCpltCallback                 0x080015b4   Section        0  stm32f1xx_hal_can.o(i.HAL_CAN_TxCpltCallback)
    i.HAL_DMA_Abort_IT                       0x080015b8   Section        0  stm32f1xx_hal_dma.o(i.HAL_DMA_Abort_IT)
    i.HAL_DMA_IRQHandler                     0x080016e8   Section        0  stm32f1xx_hal_dma.o(i.HAL_DMA_IRQHandler)
    i.HAL_DMA_Init                           0x08001930   Section        0  stm32f1xx_hal_dma.o(i.HAL_DMA_Init)
    i.HAL_DMA_Start_IT                       0x080019b4   Section        0  stm32f1xx_hal_dma.o(i.HAL_DMA_Start_IT)
    i.HAL_Delay                              0x08001a24   Section        0  stm32f1xx_hal.o(i.HAL_Delay)
    i.HAL_GPIO_Init                          0x08001a40   Section        0  stm32f1xx_hal_gpio.o(i.HAL_GPIO_Init)
    i.HAL_GPIO_ReadPin                       0x08001c28   Section        0  stm32f1xx_hal_gpio.o(i.HAL_GPIO_ReadPin)
    i.HAL_GPIO_TogglePin                     0x08001c32   Section        0  stm32f1xx_hal_gpio.o(i.HAL_GPIO_TogglePin)
    i.HAL_GPIO_WritePin                      0x08001c3a   Section        0  stm32f1xx_hal_gpio.o(i.HAL_GPIO_WritePin)
    i.HAL_GetTick                            0x08001c44   Section        0  stm32f1xx_hal.o(i.HAL_GetTick)
    i.HAL_IncTick                            0x08001c50   Section        0  stm32f1xx_hal.o(i.HAL_IncTick)
    i.HAL_Init                               0x08001c60   Section        0  stm32f1xx_hal.o(i.HAL_Init)
    i.HAL_InitTick                           0x08001c84   Section        0  stm32f1xx_hal.o(i.HAL_InitTick)
    i.HAL_MspInit                            0x08001cac   Section        0  stm32f1xx_hal_msp.o(i.HAL_MspInit)
    i.HAL_NVIC_EnableIRQ                     0x08001d30   Section        0  stm32f1xx_hal_cortex.o(i.HAL_NVIC_EnableIRQ)
    i.HAL_NVIC_SetPriority                   0x08001d48   Section        0  stm32f1xx_hal_cortex.o(i.HAL_NVIC_SetPriority)
    i.HAL_NVIC_SetPriorityGrouping           0x08001d88   Section        0  stm32f1xx_hal_cortex.o(i.HAL_NVIC_SetPriorityGrouping)
    i.HAL_RCC_ClockConfig                    0x08001dac   Section        0  stm32f1xx_hal_rcc.o(i.HAL_RCC_ClockConfig)
    i.HAL_RCC_GetHCLKFreq                    0x08001f00   Section        0  stm32f1xx_hal_rcc.o(i.HAL_RCC_GetHCLKFreq)
    i.HAL_RCC_GetPCLK1Freq                   0x08001f0c   Section        0  stm32f1xx_hal_rcc.o(i.HAL_RCC_GetPCLK1Freq)
    i.HAL_RCC_GetPCLK2Freq                   0x08001f2c   Section        0  stm32f1xx_hal_rcc.o(i.HAL_RCC_GetPCLK2Freq)
    i.HAL_RCC_GetSysClockFreq                0x08001f4c   Section        0  stm32f1xx_hal_rcc.o(i.HAL_RCC_GetSysClockFreq)
    i.HAL_RCC_OscConfig                      0x08001fb8   Section        0  stm32f1xx_hal_rcc.o(i.HAL_RCC_OscConfig)
    i.HAL_SYSTICK_CLKSourceConfig            0x080022bc   Section        0  stm32f1xx_hal_cortex.o(i.HAL_SYSTICK_CLKSourceConfig)
    i.HAL_SYSTICK_Callback                   0x080022d4   Section        0  stm32f1xx_hal_cortex.o(i.HAL_SYSTICK_Callback)
    i.HAL_SYSTICK_Config                     0x080022d6   Section        0  stm32f1xx_hal_cortex.o(i.HAL_SYSTICK_Config)
    i.HAL_SYSTICK_IRQHandler                 0x080022fe   Section        0  stm32f1xx_hal_cortex.o(i.HAL_SYSTICK_IRQHandler)
    i.HAL_TIMEx_BreakCallback                0x08002306   Section        0  stm32f1xx_hal_tim_ex.o(i.HAL_TIMEx_BreakCallback)
    i.HAL_TIMEx_CommutationCallback          0x08002308   Section        0  stm32f1xx_hal_tim_ex.o(i.HAL_TIMEx_CommutationCallback)
    i.HAL_TIMEx_MasterConfigSynchronization  0x0800230a   Section        0  stm32f1xx_hal_tim_ex.o(i.HAL_TIMEx_MasterConfigSynchronization)
    i.HAL_TIM_Base_Init                      0x0800235a   Section        0  stm32f1xx_hal_tim.o(i.HAL_TIM_Base_Init)
    i.HAL_TIM_Base_MspInit                   0x08002390   Section        0  tim.o(i.HAL_TIM_Base_MspInit)
    i.HAL_TIM_Base_Start_IT                  0x080023cc   Section        0  stm32f1xx_hal_tim.o(i.HAL_TIM_Base_Start_IT)
    i.HAL_TIM_ConfigClockSource              0x080023e4   Section        0  stm32f1xx_hal_tim.o(i.HAL_TIM_ConfigClockSource)
    i.HAL_TIM_IC_CaptureCallback             0x080024d6   Section        0  stm32f1xx_hal_tim.o(i.HAL_TIM_IC_CaptureCallback)
    i.HAL_TIM_IRQHandler                     0x080024d8   Section        0  stm32f1xx_hal_tim.o(i.HAL_TIM_IRQHandler)
    i.HAL_TIM_OC_DelayElapsedCallback        0x0800263e   Section        0  stm32f1xx_hal_tim.o(i.HAL_TIM_OC_DelayElapsedCallback)
    i.HAL_TIM_PWM_PulseFinishedCallback      0x08002640   Section        0  stm32f1xx_hal_tim.o(i.HAL_TIM_PWM_PulseFinishedCallback)
    i.HAL_TIM_PeriodElapsedCallback          0x08002644   Section        0  bsp_timer.o(i.HAL_TIM_PeriodElapsedCallback)
    i.HAL_TIM_TriggerCallback                0x08002664   Section        0  stm32f1xx_hal_tim.o(i.HAL_TIM_TriggerCallback)
    i.HAL_UART_ErrorCallback                 0x08002666   Section        0  stm32f1xx_hal_uart.o(i.HAL_UART_ErrorCallback)
    i.HAL_UART_IRQHandler                    0x08002668   Section        0  stm32f1xx_hal_uart.o(i.HAL_UART_IRQHandler)
    i.HAL_UART_Init                          0x08002778   Section        0  stm32f1xx_hal_uart.o(i.HAL_UART_Init)
    i.HAL_UART_MspInit                       0x080027dc   Section        0  usart.o(i.HAL_UART_MspInit)
    i.HAL_UART_Receive_IT                    0x0800288c   Section        0  stm32f1xx_hal_uart.o(i.HAL_UART_Receive_IT)
    i.HAL_UART_RxCpltCallback                0x080028e0   Section        0  bsp_uart.o(i.HAL_UART_RxCpltCallback)
    i.HAL_UART_Transmit_DMA                  0x0800290c   Section        0  stm32f1xx_hal_uart.o(i.HAL_UART_Transmit_DMA)
    i.HAL_UART_TxCpltCallback                0x0800298c   Section        0  stm32f1xx_hal_uart.o(i.HAL_UART_TxCpltCallback)
    i.HAL_UART_TxHalfCpltCallback            0x0800298e   Section        0  stm32f1xx_hal_uart.o(i.HAL_UART_TxHalfCpltCallback)
    i.HardFault_Handler                      0x08002990   Section        0  stm32f1xx_it.o(i.HardFault_Handler)
    i.LED_Toggle                             0x08002994   Section        0  bsp_led.o(i.LED_Toggle)
    i.MX_CAN_Init                            0x080029a0   Section        0  can.o(i.MX_CAN_Init)
    i.MX_DMA_Init                            0x080029f8   Section        0  dma.o(i.MX_DMA_Init)
    i.MX_GPIO_Init                           0x08002a24   Section        0  gpio.o(i.MX_GPIO_Init)
    i.MX_TIM3_Init                           0x08002b4c   Section        0  tim.o(i.MX_TIM3_Init)
    i.MX_USART1_UART_Init                    0x08002bc4   Section        0  usart.o(i.MX_USART1_UART_Init)
    i.MemManage_Handler                      0x08002c10   Section        0  stm32f1xx_it.o(i.MemManage_Handler)
    i.NMI_Handler                            0x08002c12   Section        0  stm32f1xx_it.o(i.NMI_Handler)
    i.NVIC_SetPriority                       0x08002c14   Section        0  stm32f1xx_hal_cortex.o(i.NVIC_SetPriority)
    NVIC_SetPriority                         0x08002c15   Thumb Code    32  stm32f1xx_hal_cortex.o(i.NVIC_SetPriority)
    i.PendSV_Handler                         0x08002c34   Section        0  stm32f1xx_it.o(i.PendSV_Handler)
    i.PrintChannelStatus                     0x08002c38   Section        0  bsp_channel.o(i.PrintChannelStatus)
    i.SVC_Handler                            0x08002dd4   Section        0  stm32f1xx_it.o(i.SVC_Handler)
    i.SysTick_Handler                        0x08002dd6   Section        0  stm32f1xx_it.o(i.SysTick_Handler)
    i.SystemClock_Config                     0x08002de4   Section        0  main.o(i.SystemClock_Config)
    i.SystemInit                             0x08002e54   Section        0  system_stm32f1xx.o(i.SystemInit)
    i.TIM3_IRQHandler                        0x08002e9c   Section        0  stm32f1xx_it.o(i.TIM3_IRQHandler)
    i.TIM_Base_SetConfig                     0x08002ea8   Section        0  stm32f1xx_hal_tim.o(i.TIM_Base_SetConfig)
    i.TIM_ETR_SetConfig                      0x08002f70   Section        0  stm32f1xx_hal_tim.o(i.TIM_ETR_SetConfig)
    TIM_ETR_SetConfig                        0x08002f71   Thumb Code    20  stm32f1xx_hal_tim.o(i.TIM_ETR_SetConfig)
    i.TIM_ITRx_SetConfig                     0x08002f84   Section        0  stm32f1xx_hal_tim.o(i.TIM_ITRx_SetConfig)
    TIM_ITRx_SetConfig                       0x08002f85   Thumb Code    16  stm32f1xx_hal_tim.o(i.TIM_ITRx_SetConfig)
    i.TIM_TI1_ConfigInputStage               0x08002f94   Section        0  stm32f1xx_hal_tim.o(i.TIM_TI1_ConfigInputStage)
    TIM_TI1_ConfigInputStage                 0x08002f95   Thumb Code    34  stm32f1xx_hal_tim.o(i.TIM_TI1_ConfigInputStage)
    i.TIM_TI2_ConfigInputStage               0x08002fb6   Section        0  stm32f1xx_hal_tim.o(i.TIM_TI2_ConfigInputStage)
    TIM_TI2_ConfigInputStage                 0x08002fb7   Thumb Code    36  stm32f1xx_hal_tim.o(i.TIM_TI2_ConfigInputStage)
    i.UART_DMAAbortOnError                   0x08002fda   Section        0  stm32f1xx_hal_uart.o(i.UART_DMAAbortOnError)
    UART_DMAAbortOnError                     0x08002fdb   Thumb Code    16  stm32f1xx_hal_uart.o(i.UART_DMAAbortOnError)
    i.UART_DMAError                          0x08002fea   Section        0  stm32f1xx_hal_uart.o(i.UART_DMAError)
    UART_DMAError                            0x08002feb   Thumb Code    74  stm32f1xx_hal_uart.o(i.UART_DMAError)
    i.UART_DMATransmitCplt                   0x08003034   Section        0  stm32f1xx_hal_uart.o(i.UART_DMATransmitCplt)
    UART_DMATransmitCplt                     0x08003035   Thumb Code    46  stm32f1xx_hal_uart.o(i.UART_DMATransmitCplt)
    i.UART_DMATxHalfCplt                     0x08003062   Section        0  stm32f1xx_hal_uart.o(i.UART_DMATxHalfCplt)
    UART_DMATxHalfCplt                       0x08003063   Thumb Code    10  stm32f1xx_hal_uart.o(i.UART_DMATxHalfCplt)
    i.UART_EndRxTransfer                     0x0800306c   Section        0  stm32f1xx_hal_uart.o(i.UART_EndRxTransfer)
    UART_EndRxTransfer                       0x0800306d   Thumb Code    28  stm32f1xx_hal_uart.o(i.UART_EndRxTransfer)
    i.UART_EndTxTransfer                     0x08003088   Section        0  stm32f1xx_hal_uart.o(i.UART_EndTxTransfer)
    UART_EndTxTransfer                       0x08003089   Thumb Code    18  stm32f1xx_hal_uart.o(i.UART_EndTxTransfer)
    i.UART_Receive_IT                        0x0800309a   Section        0  stm32f1xx_hal_uart.o(i.UART_Receive_IT)
    UART_Receive_IT                          0x0800309b   Thumb Code   150  stm32f1xx_hal_uart.o(i.UART_Receive_IT)
    i.UART_SetConfig                         0x08003130   Section        0  stm32f1xx_hal_uart.o(i.UART_SetConfig)
    UART_SetConfig                           0x08003131   Thumb Code   364  stm32f1xx_hal_uart.o(i.UART_SetConfig)
    i.UART_Transmit_IT                       0x080032a0   Section        0  stm32f1xx_hal_uart.o(i.UART_Transmit_IT)
    UART_Transmit_IT                         0x080032a1   Thumb Code    98  stm32f1xx_hal_uart.o(i.UART_Transmit_IT)
    i.USART1_IRQHandler                      0x08003304   Section        0  stm32f1xx_it.o(i.USART1_IRQHandler)
    i.USB_LP_CAN1_RX0_IRQHandler             0x08003310   Section        0  stm32f1xx_it.o(i.USB_LP_CAN1_RX0_IRQHandler)
    i.Uart_ReadAByteFromFifo                 0x0800331c   Section        0  bsp_uart.o(i.Uart_ReadAByteFromFifo)
    i.Uart_Receive_Start                     0x0800334c   Section        0  bsp_uart.o(i.Uart_Receive_Start)
    i.Uart_WriteAByteFromFifo                0x0800336c   Section        0  bsp_uart.o(i.Uart_WriteAByteFromFifo)
    i.UsageFault_Handler                     0x080033a4   Section        0  stm32f1xx_it.o(i.UsageFault_Handler)
    i.UsartProtocol_PickFrame                0x080033a8   Section        0  bsp_usart_protocol.o(i.UsartProtocol_PickFrame)
    i._Error_Handler                         0x08003490   Section        0  main.o(i._Error_Handler)
    i.__0printf                              0x08003494   Section        0  printfa.o(i.__0printf)
    i.__scatterload_copy                     0x080034b4   Section       14  handlers.o(i.__scatterload_copy)
    i.__scatterload_null                     0x080034c2   Section        2  handlers.o(i.__scatterload_null)
    i.__scatterload_zeroinit                 0x080034c4   Section       14  handlers.o(i.__scatterload_zeroinit)
    i._fp_digits                             0x080034d4   Section        0  printfa.o(i._fp_digits)
    _fp_digits                               0x080034d5   Thumb Code   366  printfa.o(i._fp_digits)
    i._printf_core                           0x08003658   Section        0  printfa.o(i._printf_core)
    _printf_core                             0x08003659   Thumb Code  1744  printfa.o(i._printf_core)
    i._printf_post_padding                   0x08003d34   Section        0  printfa.o(i._printf_post_padding)
    _printf_post_padding                     0x08003d35   Thumb Code    36  printfa.o(i._printf_post_padding)
    i._printf_pre_padding                    0x08003d58   Section        0  printfa.o(i._printf_pre_padding)
    _printf_pre_padding                      0x08003d59   Thumb Code    46  printfa.o(i._printf_pre_padding)
    i.fputc                                  0x08003d88   Section        0  bsp_uart.o(i.fputc)
    i.main                                   0x08003da0   Section        0  main.o(i.main)
    .constdata                               0x08003e7c   Section       16  system_stm32f1xx.o(.constdata)
    .constdata                               0x08003e8c   Section        8  system_stm32f1xx.o(.constdata)
    .data                                    0x20000000   Section        1  bsp_channel.o(.data)
    .data                                    0x20000004   Section        4  bsp_led.o(.data)
    .data                                    0x20000008   Section       32  bsp_uart.o(.data)
    .data                                    0x20000028   Section        4  bsp_uart.o(.data)
    .data                                    0x2000002c   Section        1  bsp_can.o(.data)
    .data                                    0x20000030   Section        4  system_stm32f1xx.o(.data)
    .data                                    0x20000034   Section        4  stm32f1xx_hal.o(.data)
    .data                                    0x20000038   Section        4  stdout.o(.data)
    .bss                                     0x2000003c   Section       68  can.o(.bss)
    .bss                                     0x20000080   Section      132  usart.o(.bss)
    .bss                                     0x20000104   Section       64  tim.o(.bss)
    .bss                                     0x20000144   Section      256  bsp_uart.o(.bss)
    .bss                                     0x20000244   Section      116  bsp_can.o(.bss)
    .bss                                     0x200002b8   Section      183  bsp_event.o(.bss)
    .bss                                     0x20000370   Section      136  bsp_usart_protocol.o(.bss)
    STACK                                    0x200003f8   Section     1024  startup_stm32f103xg.o(STACK)

    Global Symbols

    Symbol Name                              Value     Ov Type        Size  Object(Section)

    BuildAttributes$$THM_ISAv4$P$D$K$B$S$PE$A:L22UL41UL21$X:L11$S22US41US21$IEEE1$IW$USESV6$~STKCKD$USESV7$~SHL$OTIME$ROPI$EBA8$MICROLIB$REQ8$PRES8$EABIv2 0x00000000   Number         0  anon$$obj.o ABSOLUTE
    __ARM_use_no_argv                        0x00000000   Number         0  main.o ABSOLUTE
    _printf_a                                0x00000000   Number         0  stubs.o ABSOLUTE
    _printf_c                                0x00000000   Number         0  stubs.o ABSOLUTE
    _printf_charcount                        0x00000000   Number         0  stubs.o ABSOLUTE
    _printf_d                                0x00000000   Number         0  stubs.o ABSOLUTE
    _printf_e                                0x00000000   Number         0  stubs.o ABSOLUTE
    _printf_f                                0x00000000   Number         0  stubs.o ABSOLUTE
    _printf_flags                            0x00000000   Number         0  stubs.o ABSOLUTE
    _printf_fp_dec                           0x00000000   Number         0  stubs.o ABSOLUTE
    _printf_fp_hex                           0x00000000   Number         0  stubs.o ABSOLUTE
    _printf_g                                0x00000000   Number         0  stubs.o ABSOLUTE
    _printf_i                                0x00000000   Number         0  stubs.o ABSOLUTE
    _printf_int_dec                          0x00000000   Number         0  stubs.o ABSOLUTE
    _printf_l                                0x00000000   Number         0  stubs.o ABSOLUTE
    _printf_lc                               0x00000000   Number         0  stubs.o ABSOLUTE
    _printf_ll                               0x00000000   Number         0  stubs.o ABSOLUTE
    _printf_lld                              0x00000000   Number         0  stubs.o ABSOLUTE
    _printf_lli                              0x00000000   Number         0  stubs.o ABSOLUTE
    _printf_llo                              0x00000000   Number         0  stubs.o ABSOLUTE
    _printf_llu                              0x00000000   Number         0  stubs.o ABSOLUTE
    _printf_llx                              0x00000000   Number         0  stubs.o ABSOLUTE
    _printf_longlong_dec                     0x00000000   Number         0  stubs.o ABSOLUTE
    _printf_longlong_hex                     0x00000000   Number         0  stubs.o ABSOLUTE
    _printf_longlong_oct                     0x00000000   Number         0  stubs.o ABSOLUTE
    _printf_ls                               0x00000000   Number         0  stubs.o ABSOLUTE
    _printf_mbtowc                           0x00000000   Number         0  stubs.o ABSOLUTE
    _printf_n                                0x00000000   Number         0  stubs.o ABSOLUTE
    _printf_o                                0x00000000   Number         0  stubs.o ABSOLUTE
    _printf_p                                0x00000000   Number         0  stubs.o ABSOLUTE
    _printf_percent                          0x00000000   Number         0  stubs.o ABSOLUTE
    _printf_pre_padding                      0x00000000   Number         0  stubs.o ABSOLUTE
    _printf_return_value                     0x00000000   Number         0  stubs.o ABSOLUTE
    _printf_s                                0x00000000   Number         0  stubs.o ABSOLUTE
    _printf_sizespec                         0x00000000   Number         0  stubs.o ABSOLUTE
    _printf_str                              0x00000000   Number         0  stubs.o ABSOLUTE
    _printf_truncate_signed                  0x00000000   Number         0  stubs.o ABSOLUTE
    _printf_truncate_unsigned                0x00000000   Number         0  stubs.o ABSOLUTE
    _printf_u                                0x00000000   Number         0  stubs.o ABSOLUTE
    _printf_wc                               0x00000000   Number         0  stubs.o ABSOLUTE
    _printf_wctomb                           0x00000000   Number         0  stubs.o ABSOLUTE
    _printf_widthprec                        0x00000000   Number         0  stubs.o ABSOLUTE
    _printf_x                                0x00000000   Number         0  stubs.o ABSOLUTE
    __cpp_initialize__aeabi_                  - Undefined Weak Reference
    __cxa_finalize                            - Undefined Weak Reference
    __decompress                              - Undefined Weak Reference
    _clock_init                               - Undefined Weak Reference
    _microlib_exit                            - Undefined Weak Reference
    __Vectors_Size                           0x00000130   Number         0  startup_stm32f103xg.o ABSOLUTE
    __Vectors                                0x08000000   Data           4  startup_stm32f103xg.o(RESET)
    __Vectors_End                            0x08000130   Data           0  startup_stm32f103xg.o(RESET)
    __main                                   0x08000131   Thumb Code     0  entry.o(.ARM.Collect$$$$00000000)
    _main_stk                                0x08000131   Thumb Code     0  entry2.o(.ARM.Collect$$$$00000001)
    _main_scatterload                        0x08000135   Thumb Code     0  entry5.o(.ARM.Collect$$$$00000004)
    __main_after_scatterload                 0x08000139   Thumb Code     0  entry5.o(.ARM.Collect$$$$00000004)
    _main_clock                              0x08000139   Thumb Code     0  entry7b.o(.ARM.Collect$$$$00000008)
    _main_cpp_init                           0x08000139   Thumb Code     0  entry8b.o(.ARM.Collect$$$$0000000A)
    _main_init                               0x08000139   Thumb Code     0  entry9a.o(.ARM.Collect$$$$0000000B)
    __rt_final_cpp                           0x08000141   Thumb Code     0  entry10a.o(.ARM.Collect$$$$0000000D)
    __rt_final_exit                          0x08000141   Thumb Code     0  entry11a.o(.ARM.Collect$$$$0000000F)
    Reset_Handler                            0x08000145   Thumb Code     8  startup_stm32f103xg.o(.text)
    ADC1_2_IRQHandler                        0x0800015f   Thumb Code     0  startup_stm32f103xg.o(.text)
    ADC3_IRQHandler                          0x0800015f   Thumb Code     0  startup_stm32f103xg.o(.text)
    CAN1_RX1_IRQHandler                      0x0800015f   Thumb Code     0  startup_stm32f103xg.o(.text)
    CAN1_SCE_IRQHandler                      0x0800015f   Thumb Code     0  startup_stm32f103xg.o(.text)
    DMA1_Channel1_IRQHandler                 0x0800015f   Thumb Code     0  startup_stm32f103xg.o(.text)
    DMA1_Channel2_IRQHandler                 0x0800015f   Thumb Code     0  startup_stm32f103xg.o(.text)
    DMA1_Channel3_IRQHandler                 0x0800015f   Thumb Code     0  startup_stm32f103xg.o(.text)
    DMA1_Channel5_IRQHandler                 0x0800015f   Thumb Code     0  startup_stm32f103xg.o(.text)
    DMA1_Channel6_IRQHandler                 0x0800015f   Thumb Code     0  startup_stm32f103xg.o(.text)
    DMA1_Channel7_IRQHandler                 0x0800015f   Thumb Code     0  startup_stm32f103xg.o(.text)
    DMA2_Channel1_IRQHandler                 0x0800015f   Thumb Code     0  startup_stm32f103xg.o(.text)
    DMA2_Channel2_IRQHandler                 0x0800015f   Thumb Code     0  startup_stm32f103xg.o(.text)
    DMA2_Channel3_IRQHandler                 0x0800015f   Thumb Code     0  startup_stm32f103xg.o(.text)
    DMA2_Channel4_5_IRQHandler               0x0800015f   Thumb Code     0  startup_stm32f103xg.o(.text)
    EXTI0_IRQHandler                         0x0800015f   Thumb Code     0  startup_stm32f103xg.o(.text)
    EXTI15_10_IRQHandler                     0x0800015f   Thumb Code     0  startup_stm32f103xg.o(.text)
    EXTI1_IRQHandler                         0x0800015f   Thumb Code     0  startup_stm32f103xg.o(.text)
    EXTI2_IRQHandler                         0x0800015f   Thumb Code     0  startup_stm32f103xg.o(.text)
    EXTI3_IRQHandler                         0x0800015f   Thumb Code     0  startup_stm32f103xg.o(.text)
    EXTI4_IRQHandler                         0x0800015f   Thumb Code     0  startup_stm32f103xg.o(.text)
    EXTI9_5_IRQHandler                       0x0800015f   Thumb Code     0  startup_stm32f103xg.o(.text)
    FLASH_IRQHandler                         0x0800015f   Thumb Code     0  startup_stm32f103xg.o(.text)
    FSMC_IRQHandler                          0x0800015f   Thumb Code     0  startup_stm32f103xg.o(.text)
    I2C1_ER_IRQHandler                       0x0800015f   Thumb Code     0  startup_stm32f103xg.o(.text)
    I2C1_EV_IRQHandler                       0x0800015f   Thumb Code     0  startup_stm32f103xg.o(.text)
    I2C2_ER_IRQHandler                       0x0800015f   Thumb Code     0  startup_stm32f103xg.o(.text)
    I2C2_EV_IRQHandler                       0x0800015f   Thumb Code     0  startup_stm32f103xg.o(.text)
    PVD_IRQHandler                           0x0800015f   Thumb Code     0  startup_stm32f103xg.o(.text)
    RCC_IRQHandler                           0x0800015f   Thumb Code     0  startup_stm32f103xg.o(.text)
    RTC_Alarm_IRQHandler                     0x0800015f   Thumb Code     0  startup_stm32f103xg.o(.text)
    RTC_IRQHandler                           0x0800015f   Thumb Code     0  startup_stm32f103xg.o(.text)
    SDIO_IRQHandler                          0x0800015f   Thumb Code     0  startup_stm32f103xg.o(.text)
    SPI1_IRQHandler                          0x0800015f   Thumb Code     0  startup_stm32f103xg.o(.text)
    SPI2_IRQHandler                          0x0800015f   Thumb Code     0  startup_stm32f103xg.o(.text)
    SPI3_IRQHandler                          0x0800015f   Thumb Code     0  startup_stm32f103xg.o(.text)
    TAMPER_IRQHandler                        0x0800015f   Thumb Code     0  startup_stm32f103xg.o(.text)
    TIM1_BRK_TIM9_IRQHandler                 0x0800015f   Thumb Code     0  startup_stm32f103xg.o(.text)
    TIM1_CC_IRQHandler                       0x0800015f   Thumb Code     0  startup_stm32f103xg.o(.text)
    TIM1_TRG_COM_TIM11_IRQHandler            0x0800015f   Thumb Code     0  startup_stm32f103xg.o(.text)
    TIM1_UP_TIM10_IRQHandler                 0x0800015f   Thumb Code     0  startup_stm32f103xg.o(.text)
    TIM2_IRQHandler                          0x0800015f   Thumb Code     0  startup_stm32f103xg.o(.text)
    TIM4_IRQHandler                          0x0800015f   Thumb Code     0  startup_stm32f103xg.o(.text)
    TIM5_IRQHandler                          0x0800015f   Thumb Code     0  startup_stm32f103xg.o(.text)
    TIM6_IRQHandler                          0x0800015f   Thumb Code     0  startup_stm32f103xg.o(.text)
    TIM7_IRQHandler                          0x0800015f   Thumb Code     0  startup_stm32f103xg.o(.text)
    TIM8_BRK_TIM12_IRQHandler                0x0800015f   Thumb Code     0  startup_stm32f103xg.o(.text)
    TIM8_CC_IRQHandler                       0x0800015f   Thumb Code     0  startup_stm32f103xg.o(.text)
    TIM8_TRG_COM_TIM14_IRQHandler            0x0800015f   Thumb Code     0  startup_stm32f103xg.o(.text)
    TIM8_UP_TIM13_IRQHandler                 0x0800015f   Thumb Code     0  startup_stm32f103xg.o(.text)
    UART4_IRQHandler                         0x0800015f   Thumb Code     0  startup_stm32f103xg.o(.text)
    UART5_IRQHandler                         0x0800015f   Thumb Code     0  startup_stm32f103xg.o(.text)
    USART2_IRQHandler                        0x0800015f   Thumb Code     0  startup_stm32f103xg.o(.text)
    USART3_IRQHandler                        0x0800015f   Thumb Code     0  startup_stm32f103xg.o(.text)
    USBWakeUp_IRQHandler                     0x0800015f   Thumb Code     0  startup_stm32f103xg.o(.text)
    USB_HP_CAN1_TX_IRQHandler                0x0800015f   Thumb Code     0  startup_stm32f103xg.o(.text)
    WWDG_IRQHandler                          0x0800015f   Thumb Code     0  startup_stm32f103xg.o(.text)
    __aeabi_llsr                             0x08000169   Thumb Code    32  llushr.o(.text)
    _ll_ushift_r                             0x08000169   Thumb Code     0  llushr.o(.text)
    __aeabi_memcpy                           0x08000189   Thumb Code    36  memcpya.o(.text)
    __aeabi_memcpy4                          0x08000189   Thumb Code     0  memcpya.o(.text)
    __aeabi_memcpy8                          0x08000189   Thumb Code     0  memcpya.o(.text)
    __aeabi_memset                           0x080001ad   Thumb Code    14  memseta.o(.text)
    __aeabi_memset4                          0x080001ad   Thumb Code     0  memseta.o(.text)
    __aeabi_memset8                          0x080001ad   Thumb Code     0  memseta.o(.text)
    __aeabi_memclr                           0x080001bb   Thumb Code     4  memseta.o(.text)
    __aeabi_memclr4                          0x080001bb   Thumb Code     0  memseta.o(.text)
    __aeabi_memclr8                          0x080001bb   Thumb Code     0  memseta.o(.text)
    _memset$wrapper                          0x080001bf   Thumb Code    18  memseta.o(.text)
    __ARM_scalbnf                            0x080001d1   Thumb Code    24  fscalb.o(.text)
    scalbnf                                  0x080001d1   Thumb Code     0  fscalb.o(.text)
    __aeabi_dadd                             0x080001e9   Thumb Code   322  dadd.o(.text)
    __aeabi_dsub                             0x0800032b   Thumb Code     6  dadd.o(.text)
    __aeabi_drsub                            0x08000331   Thumb Code     6  dadd.o(.text)
    __aeabi_dmul                             0x08000337   Thumb Code   228  dmul.o(.text)
    __ARM_scalbn                             0x0800041b   Thumb Code    46  dscalb.o(.text)
    scalbn                                   0x0800041b   Thumb Code     0  dscalb.o(.text)
    __aeabi_ui2f                             0x08000449   Thumb Code    10  ffltui.o(.text)
    __aeabi_f2d                              0x08000453   Thumb Code    38  f2d.o(.text)
    __aeabi_d2f                              0x08000479   Thumb Code    56  d2f.o(.text)
    __aeabi_uidiv                            0x080004b1   Thumb Code     0  uidiv.o(.text)
    __aeabi_uidivmod                         0x080004b1   Thumb Code    44  uidiv.o(.text)
    __aeabi_uldivmod                         0x080004dd   Thumb Code    98  uldiv.o(.text)
    __aeabi_llsl                             0x0800053f   Thumb Code    30  llshl.o(.text)
    _ll_shift_l                              0x0800053f   Thumb Code     0  llshl.o(.text)
    __aeabi_lasr                             0x0800055d   Thumb Code    36  llsshr.o(.text)
    _ll_sshift_r                             0x0800055d   Thumb Code     0  llsshr.o(.text)
    __I$use$fp                               0x08000581   Thumb Code     0  iusefp.o(.text)
    _float_round                             0x08000581   Thumb Code    18  fepilogue.o(.text)
    _float_epilogue                          0x08000593   Thumb Code    92  fepilogue.o(.text)
    _double_round                            0x080005ef   Thumb Code    30  depilogue.o(.text)
    _double_epilogue                         0x0800060d   Thumb Code   156  depilogue.o(.text)
    __aeabi_ddiv                             0x080006a9   Thumb Code   222  ddiv.o(.text)
    __aeabi_d2ulz                            0x08000787   Thumb Code    48  dfixul.o(.text)
    __aeabi_cdrcmple                         0x080007b9   Thumb Code    48  cdrcmple.o(.text)
    __scatterload                            0x080007e9   Thumb Code    28  init.o(.text)
    __scatterload_rt2                        0x080007e9   Thumb Code     0  init.o(.text)
    BusFault_Handler                         0x0800080d   Thumb Code     2  stm32f1xx_it.o(i.BusFault_Handler)
    CanFrameAnasyse                          0x08000939   Thumb Code   154  bsp_canprotocol.o(i.CanFrameAnasyse)
    CanInit                                  0x080009fd   Thumb Code   106  bsp_can.o(i.CanInit)
    Can_ItCallbackFunc                       0x08000a75   Thumb Code    98  bsp_can.o(i.Can_ItCallbackFunc)
    Can_Server                               0x08000af5   Thumb Code    98  bsp_can.o(i.Can_Server)
    Channel_Config                           0x08000b91   Thumb Code   132  bsp_channel.o(i.Channel_Config)
    Channel_Ctrl                             0x08000c19   Thumb Code   160  bsp_channel.o(i.Channel_Ctrl)
    DMA1_Channel4_IRQHandler                 0x08000cc5   Thumb Code     6  stm32f1xx_it.o(i.DMA1_Channel4_IRQHandler)
    Dac_Init                                 0x08000d09   Thumb Code    72  bsp_dac_gpio.o(i.Dac_Init)
    Dac_SendWord                             0x08000d55   Thumb Code   176  bsp_dac_gpio.o(i.Dac_SendWord)
    Dac_Switch                               0x08000e09   Thumb Code    40  bsp_dac_gpio.o(i.Dac_Switch)
    DebugMon_Handler                         0x08000e6d   Thumb Code     2  stm32f1xx_it.o(i.DebugMon_Handler)
    Event_Check                              0x08000e6f   Thumb Code    78  bsp_event.o(i.Event_Check)
    Event_Init                               0x08000ebd   Thumb Code    40  bsp_event.o(i.Event_Init)
    Evnet_Set                                0x08000ee5   Thumb Code    86  bsp_event.o(i.Evnet_Set)
    GetCanAddress                            0x08000f3d   Thumb Code   238  bsp_can.o(i.GetCanAddress)
    HAL_CAN_ConfigFilter                     0x08001039   Thumb Code   242  stm32f1xx_hal_can.o(i.HAL_CAN_ConfigFilter)
    HAL_CAN_ErrorCallback                    0x0800112b   Thumb Code     2  stm32f1xx_hal_can.o(i.HAL_CAN_ErrorCallback)
    HAL_CAN_IRQHandler                       0x0800112d   Thumb Code   548  stm32f1xx_hal_can.o(i.HAL_CAN_IRQHandler)
    HAL_CAN_Init                             0x08001361   Thumb Code   300  stm32f1xx_hal_can.o(i.HAL_CAN_Init)
    HAL_CAN_MspInit                          0x0800148d   Thumb Code    92  can.o(i.HAL_CAN_MspInit)
    HAL_CAN_Receive_IT                       0x080014f5   Thumb Code   180  stm32f1xx_hal_can.o(i.HAL_CAN_Receive_IT)
    HAL_CAN_RxCpltCallback                   0x080015a9   Thumb Code     6  bsp_can.o(i.HAL_CAN_RxCpltCallback)
    HAL_CAN_TxCpltCallback                   0x080015b5   Thumb Code     2  stm32f1xx_hal_can.o(i.HAL_CAN_TxCpltCallback)
    HAL_DMA_Abort_IT                         0x080015b9   Thumb Code   296  stm32f1xx_hal_dma.o(i.HAL_DMA_Abort_IT)
    HAL_DMA_IRQHandler                       0x080016e9   Thumb Code   552  stm32f1xx_hal_dma.o(i.HAL_DMA_IRQHandler)
    HAL_DMA_Init                             0x08001931   Thumb Code   120  stm32f1xx_hal_dma.o(i.HAL_DMA_Init)
    HAL_DMA_Start_IT                         0x080019b5   Thumb Code   112  stm32f1xx_hal_dma.o(i.HAL_DMA_Start_IT)
    HAL_Delay                                0x08001a25   Thumb Code    28  stm32f1xx_hal.o(i.HAL_Delay)
    HAL_GPIO_Init                            0x08001a41   Thumb Code   446  stm32f1xx_hal_gpio.o(i.HAL_GPIO_Init)
    HAL_GPIO_ReadPin                         0x08001c29   Thumb Code    10  stm32f1xx_hal_gpio.o(i.HAL_GPIO_ReadPin)
    HAL_GPIO_TogglePin                       0x08001c33   Thumb Code     8  stm32f1xx_hal_gpio.o(i.HAL_GPIO_TogglePin)
    HAL_GPIO_WritePin                        0x08001c3b   Thumb Code    10  stm32f1xx_hal_gpio.o(i.HAL_GPIO_WritePin)
    HAL_GetTick                              0x08001c45   Thumb Code     6  stm32f1xx_hal.o(i.HAL_GetTick)
    HAL_IncTick                              0x08001c51   Thumb Code    10  stm32f1xx_hal.o(i.HAL_IncTick)
    HAL_Init                                 0x08001c61   Thumb Code    32  stm32f1xx_hal.o(i.HAL_Init)
    HAL_InitTick                             0x08001c85   Thumb Code    34  stm32f1xx_hal.o(i.HAL_InitTick)
    HAL_MspInit                              0x08001cad   Thumb Code   122  stm32f1xx_hal_msp.o(i.HAL_MspInit)
    HAL_NVIC_EnableIRQ                       0x08001d31   Thumb Code    22  stm32f1xx_hal_cortex.o(i.HAL_NVIC_EnableIRQ)
    HAL_NVIC_SetPriority                     0x08001d49   Thumb Code    60  stm32f1xx_hal_cortex.o(i.HAL_NVIC_SetPriority)
    HAL_NVIC_SetPriorityGrouping             0x08001d89   Thumb Code    26  stm32f1xx_hal_cortex.o(i.HAL_NVIC_SetPriorityGrouping)
    HAL_RCC_ClockConfig                      0x08001dad   Thumb Code   322  stm32f1xx_hal_rcc.o(i.HAL_RCC_ClockConfig)
    HAL_RCC_GetHCLKFreq                      0x08001f01   Thumb Code     6  stm32f1xx_hal_rcc.o(i.HAL_RCC_GetHCLKFreq)
    HAL_RCC_GetPCLK1Freq                     0x08001f0d   Thumb Code    20  stm32f1xx_hal_rcc.o(i.HAL_RCC_GetPCLK1Freq)
    HAL_RCC_GetPCLK2Freq                     0x08001f2d   Thumb Code    20  stm32f1xx_hal_rcc.o(i.HAL_RCC_GetPCLK2Freq)
    HAL_RCC_GetSysClockFreq                  0x08001f4d   Thumb Code    74  stm32f1xx_hal_rcc.o(i.HAL_RCC_GetSysClockFreq)
    HAL_RCC_OscConfig                        0x08001fb9   Thumb Code   750  stm32f1xx_hal_rcc.o(i.HAL_RCC_OscConfig)
    HAL_SYSTICK_CLKSourceConfig              0x080022bd   Thumb Code    24  stm32f1xx_hal_cortex.o(i.HAL_SYSTICK_CLKSourceConfig)
    HAL_SYSTICK_Callback                     0x080022d5   Thumb Code     2  stm32f1xx_hal_cortex.o(i.HAL_SYSTICK_Callback)
    HAL_SYSTICK_Config                       0x080022d7   Thumb Code    40  stm32f1xx_hal_cortex.o(i.HAL_SYSTICK_Config)
    HAL_SYSTICK_IRQHandler                   0x080022ff   Thumb Code     8  stm32f1xx_hal_cortex.o(i.HAL_SYSTICK_IRQHandler)
    HAL_TIMEx_BreakCallback                  0x08002307   Thumb Code     2  stm32f1xx_hal_tim_ex.o(i.HAL_TIMEx_BreakCallback)
    HAL_TIMEx_CommutationCallback            0x08002309   Thumb Code     2  stm32f1xx_hal_tim_ex.o(i.HAL_TIMEx_CommutationCallback)
    HAL_TIMEx_MasterConfigSynchronization    0x0800230b   Thumb Code    80  stm32f1xx_hal_tim_ex.o(i.HAL_TIMEx_MasterConfigSynchronization)
    HAL_TIM_Base_Init                        0x0800235b   Thumb Code    54  stm32f1xx_hal_tim.o(i.HAL_TIM_Base_Init)
    HAL_TIM_Base_MspInit                     0x08002391   Thumb Code    50  tim.o(i.HAL_TIM_Base_MspInit)
    HAL_TIM_Base_Start_IT                    0x080023cd   Thumb Code    24  stm32f1xx_hal_tim.o(i.HAL_TIM_Base_Start_IT)
    HAL_TIM_ConfigClockSource                0x080023e5   Thumb Code   242  stm32f1xx_hal_tim.o(i.HAL_TIM_ConfigClockSource)
    HAL_TIM_IC_CaptureCallback               0x080024d7   Thumb Code     2  stm32f1xx_hal_tim.o(i.HAL_TIM_IC_CaptureCallback)
    HAL_TIM_IRQHandler                       0x080024d9   Thumb Code   358  stm32f1xx_hal_tim.o(i.HAL_TIM_IRQHandler)
    HAL_TIM_OC_DelayElapsedCallback          0x0800263f   Thumb Code     2  stm32f1xx_hal_tim.o(i.HAL_TIM_OC_DelayElapsedCallback)
    HAL_TIM_PWM_PulseFinishedCallback        0x08002641   Thumb Code     2  stm32f1xx_hal_tim.o(i.HAL_TIM_PWM_PulseFinishedCallback)
    HAL_TIM_PeriodElapsedCallback            0x08002645   Thumb Code    28  bsp_timer.o(i.HAL_TIM_PeriodElapsedCallback)
    HAL_TIM_TriggerCallback                  0x08002665   Thumb Code     2  stm32f1xx_hal_tim.o(i.HAL_TIM_TriggerCallback)
    HAL_UART_ErrorCallback                   0x08002667   Thumb Code     2  stm32f1xx_hal_uart.o(i.HAL_UART_ErrorCallback)
    HAL_UART_IRQHandler                      0x08002669   Thumb Code   266  stm32f1xx_hal_uart.o(i.HAL_UART_IRQHandler)
    HAL_UART_Init                            0x08002779   Thumb Code    98  stm32f1xx_hal_uart.o(i.HAL_UART_Init)
    HAL_UART_MspInit                         0x080027dd   Thumb Code   138  usart.o(i.HAL_UART_MspInit)
    HAL_UART_Receive_IT                      0x0800288d   Thumb Code    82  stm32f1xx_hal_uart.o(i.HAL_UART_Receive_IT)
    HAL_UART_RxCpltCallback                  0x080028e1   Thumb Code    36  bsp_uart.o(i.HAL_UART_RxCpltCallback)
    HAL_UART_Transmit_DMA                    0x0800290d   Thumb Code   114  stm32f1xx_hal_uart.o(i.HAL_UART_Transmit_DMA)
    HAL_UART_TxCpltCallback                  0x0800298d   Thumb Code     2  stm32f1xx_hal_uart.o(i.HAL_UART_TxCpltCallback)
    HAL_UART_TxHalfCpltCallback              0x0800298f   Thumb Code     2  stm32f1xx_hal_uart.o(i.HAL_UART_TxHalfCpltCallback)
    HardFault_Handler                        0x08002991   Thumb Code     2  stm32f1xx_it.o(i.HardFault_Handler)
    LED_Toggle                               0x08002995   Thumb Code     8  bsp_led.o(i.LED_Toggle)
    MX_CAN_Init                              0x080029a1   Thumb Code    64  can.o(i.MX_CAN_Init)
    MX_DMA_Init                              0x080029f9   Thumb Code    40  dma.o(i.MX_DMA_Init)
    MX_GPIO_Init                             0x08002a25   Thumb Code   274  gpio.o(i.MX_GPIO_Init)
    MX_TIM3_Init                             0x08002b4d   Thumb Code    94  tim.o(i.MX_TIM3_Init)
    MX_USART1_UART_Init                      0x08002bc5   Thumb Code    52  usart.o(i.MX_USART1_UART_Init)
    MemManage_Handler                        0x08002c11   Thumb Code     2  stm32f1xx_it.o(i.MemManage_Handler)
    NMI_Handler                              0x08002c13   Thumb Code     2  stm32f1xx_it.o(i.NMI_Handler)
    PendSV_Handler                           0x08002c35   Thumb Code     2  stm32f1xx_it.o(i.PendSV_Handler)
    PrintChannelStatus                       0x08002c39   Thumb Code   142  bsp_channel.o(i.PrintChannelStatus)
    SVC_Handler                              0x08002dd5   Thumb Code     2  stm32f1xx_it.o(i.SVC_Handler)
    SysTick_Handler                          0x08002dd7   Thumb Code    14  stm32f1xx_it.o(i.SysTick_Handler)
    SystemClock_Config                       0x08002de5   Thumb Code   110  main.o(i.SystemClock_Config)
    SystemInit                               0x08002e55   Thumb Code    56  system_stm32f1xx.o(i.SystemInit)
    TIM3_IRQHandler                          0x08002e9d   Thumb Code     6  stm32f1xx_it.o(i.TIM3_IRQHandler)
    TIM_Base_SetConfig                       0x08002ea9   Thumb Code   156  stm32f1xx_hal_tim.o(i.TIM_Base_SetConfig)
    USART1_IRQHandler                        0x08003305   Thumb Code     6  stm32f1xx_it.o(i.USART1_IRQHandler)
    USB_LP_CAN1_RX0_IRQHandler               0x08003311   Thumb Code     6  stm32f1xx_it.o(i.USB_LP_CAN1_RX0_IRQHandler)
    Uart_ReadAByteFromFifo                   0x0800331d   Thumb Code    46  bsp_uart.o(i.Uart_ReadAByteFromFifo)
    Uart_Receive_Start                       0x0800334d   Thumb Code    26  bsp_uart.o(i.Uart_Receive_Start)
    Uart_WriteAByteFromFifo                  0x0800336d   Thumb Code    56  bsp_uart.o(i.Uart_WriteAByteFromFifo)
    UsageFault_Handler                       0x080033a5   Thumb Code     2  stm32f1xx_it.o(i.UsageFault_Handler)
    UsartProtocol_PickFrame                  0x080033a9   Thumb Code   226  bsp_usart_protocol.o(i.UsartProtocol_PickFrame)
    _Error_Handler                           0x08003491   Thumb Code     2  main.o(i._Error_Handler)
    __0printf                                0x08003495   Thumb Code    22  printfa.o(i.__0printf)
    __1printf                                0x08003495   Thumb Code     0  printfa.o(i.__0printf)
    __2printf                                0x08003495   Thumb Code     0  printfa.o(i.__0printf)
    __c89printf                              0x08003495   Thumb Code     0  printfa.o(i.__0printf)
    printf                                   0x08003495   Thumb Code     0  printfa.o(i.__0printf)
    __scatterload_copy                       0x080034b5   Thumb Code    14  handlers.o(i.__scatterload_copy)
    __scatterload_null                       0x080034c3   Thumb Code     2  handlers.o(i.__scatterload_null)
    __scatterload_zeroinit                   0x080034c5   Thumb Code    14  handlers.o(i.__scatterload_zeroinit)
    fputc                                    0x08003d89   Thumb Code    20  bsp_uart.o(i.fputc)
    main                                     0x08003da1   Thumb Code   186  main.o(i.main)
    AHBPrescTable                            0x08003e7c   Data          16  system_stm32f1xx.o(.constdata)
    APBPrescTable                            0x08003e8c   Data           8  system_stm32f1xx.o(.constdata)
    Region$$Table$$Base                      0x08003e94   Number         0  anon$$obj.o(Region$$Table)
    Region$$Table$$Limit                     0x08003eb4   Number         0  anon$$obj.o(Region$$Table)
    Relay_obj                                0x20000000   Data           1  bsp_channel.o(.data)
    Led_Cunter                               0x20000004   Data           4  bsp_led.o(.data)
    UartFifo                                 0x20000008   Data          32  bsp_uart.o(.data)
    Uart_Fifo_Point                          0x20000028   Data           4  bsp_uart.o(.data)
    CanSendEventFlag                         0x2000002c   Data           1  bsp_can.o(.data)
    SystemCoreClock                          0x20000030   Data           4  system_stm32f1xx.o(.data)
    uwTick                                   0x20000034   Data           4  stm32f1xx_hal.o(.data)
    __stdout                                 0x20000038   Data           4  stdout.o(.data)
    hcan                                     0x2000003c   Data          68  can.o(.bss)
    huart1                                   0x20000080   Data          64  usart.o(.bss)
    hdma_usart1_tx                           0x200000c0   Data          68  usart.o(.bss)
    htim3                                    0x20000104   Data          64  tim.o(.bss)
    UartRxbuf                                0x20000144   Data         256  bsp_uart.o(.bss)
    Bsp_Can_obj                              0x20000244   Data         116  bsp_can.o(.bss)
    Event_obj                                0x200002b8   Data         183  bsp_event.o(.bss)
    UsartProtocol                            0x20000370   Data         136  bsp_usart_protocol.o(.bss)
    __initial_sp                             0x200007f8   Data           0  startup_stm32f103xg.o(STACK)



==============================================================================

Memory Map of the image

  Image Entry point : 0x08000131

  Load Region LR_IROM1 (Base: 0x08000000, Size: 0x00003ef0, Max: 0x00100000, ABSOLUTE)

    Execution Region ER_IROM1 (Base: 0x08000000, Size: 0x00003eb4, Max: 0x00100000, ABSOLUTE)

    Base Addr    Size         Type   Attr      Idx    E Section Name        Object

    0x08000000   0x00000130   Data   RO         3261    RESET               startup_stm32f103xg.o
    0x08000130   0x00000000   Code   RO         3266  * .ARM.Collect$$$$00000000  mc_w.l(entry.o)
    0x08000130   0x00000004   Code   RO         3552    .ARM.Collect$$$$00000001  mc_w.l(entry2.o)
    0x08000134   0x00000004   Code   RO         3555    .ARM.Collect$$$$00000004  mc_w.l(entry5.o)
    0x08000138   0x00000000   Code   RO         3557    .ARM.Collect$$$$00000008  mc_w.l(entry7b.o)
    0x08000138   0x00000000   Code   RO         3559    .ARM.Collect$$$$0000000A  mc_w.l(entry8b.o)
    0x08000138   0x00000008   Code   RO         3560    .ARM.Collect$$$$0000000B  mc_w.l(entry9a.o)
    0x08000140   0x00000000   Code   RO         3562    .ARM.Collect$$$$0000000D  mc_w.l(entry10a.o)
    0x08000140   0x00000000   Code   RO         3564    .ARM.Collect$$$$0000000F  mc_w.l(entry11a.o)
    0x08000140   0x00000004   Code   RO         3553    .ARM.Collect$$$$00002712  mc_w.l(entry2.o)
    0x08000144   0x00000024   Code   RO         3262    .text               startup_stm32f103xg.o
    0x08000168   0x00000020   Code   RO         3269    .text               mc_w.l(llushr.o)
    0x08000188   0x00000024   Code   RO         3271    .text               mc_w.l(memcpya.o)
    0x080001ac   0x00000024   Code   RO         3273    .text               mc_w.l(memseta.o)
    0x080001d0   0x00000018   Code   RO         3538    .text               mf_w.l(fscalb.o)
    0x080001e8   0x0000014e   Code   RO         3540    .text               mf_w.l(dadd.o)
    0x08000336   0x000000e4   Code   RO         3542    .text               mf_w.l(dmul.o)
    0x0800041a   0x0000002e   Code   RO         3544    .text               mf_w.l(dscalb.o)
    0x08000448   0x0000000a   Code   RO         3546    .text               mf_w.l(ffltui.o)
    0x08000452   0x00000026   Code   RO         3548    .text               mf_w.l(f2d.o)
    0x08000478   0x00000038   Code   RO         3550    .text               mf_w.l(d2f.o)
    0x080004b0   0x0000002c   Code   RO         3567    .text               mc_w.l(uidiv.o)
    0x080004dc   0x00000062   Code   RO         3569    .text               mc_w.l(uldiv.o)
    0x0800053e   0x0000001e   Code   RO         3571    .text               mc_w.l(llshl.o)
    0x0800055c   0x00000024   Code   RO         3573    .text               mc_w.l(llsshr.o)
    0x08000580   0x00000000   Code   RO         3575    .text               mc_w.l(iusefp.o)
    0x08000580   0x0000006e   Code   RO         3576    .text               mf_w.l(fepilogue.o)
    0x080005ee   0x000000ba   Code   RO         3578    .text               mf_w.l(depilogue.o)
    0x080006a8   0x000000de   Code   RO         3580    .text               mf_w.l(ddiv.o)
    0x08000786   0x00000030   Code   RO         3582    .text               mf_w.l(dfixul.o)
    0x080007b6   0x00000002   PAD
    0x080007b8   0x00000030   Code   RO         3584    .text               mf_w.l(cdrcmple.o)
    0x080007e8   0x00000024   Code   RO         3586    .text               mc_w.l(init.o)
    0x0800080c   0x00000002   Code   RO          364    i.BusFault_Handler  stm32f1xx_it.o
    0x0800080e   0x00000002   PAD
    0x08000810   0x00000126   Code   RO         2538    i.CAN_Receive_IT    stm32f1xx_hal_can.o
    0x08000936   0x00000002   PAD
    0x08000938   0x000000c4   Code   RO          839    i.CanFrameAnasyse   bsp_canprotocol.o
    0x080009fc   0x00000078   Code   RO          722    i.CanInit           bsp_can.o
    0x08000a74   0x00000080   Code   RO          723    i.Can_ItCallbackFunc  bsp_can.o
    0x08000af4   0x0000009c   Code   RO          726    i.Can_Server        bsp_can.o
    0x08000b90   0x00000088   Code   RO          488    i.Channel_Config    bsp_channel.o
    0x08000c18   0x000000ac   Code   RO          489    i.Channel_Ctrl      bsp_channel.o
    0x08000cc4   0x0000000c   Code   RO          365    i.DMA1_Channel4_IRQHandler  stm32f1xx_it.o
    0x08000cd0   0x0000002a   Code   RO         1127    i.DMA_SetConfig     stm32f1xx_hal_dma.o
    0x08000cfa   0x0000000c   Code   RO          681    i.DacDelay          bsp_dac_gpio.o
    0x08000d06   0x00000002   PAD
    0x08000d08   0x0000004c   Code   RO          682    i.Dac_Init          bsp_dac_gpio.o
    0x08000d54   0x000000b4   Code   RO          683    i.Dac_SendWord      bsp_dac_gpio.o
    0x08000e08   0x00000064   Code   RO          684    i.Dac_Switch        bsp_dac_gpio.o
    0x08000e6c   0x00000002   Code   RO          366    i.DebugMon_Handler  stm32f1xx_it.o
    0x08000e6e   0x0000004e   Code   RO          797    i.Event_Check       bsp_event.o
    0x08000ebc   0x00000028   Code   RO          798    i.Event_Init        bsp_event.o
    0x08000ee4   0x00000056   Code   RO          799    i.Evnet_Set         bsp_event.o
    0x08000f3a   0x00000002   PAD
    0x08000f3c   0x000000fc   Code   RO          727    i.GetCanAddress     bsp_can.o
    0x08001038   0x000000f2   Code   RO         2539    i.HAL_CAN_ConfigFilter  stm32f1xx_hal_can.o
    0x0800112a   0x00000002   Code   RO         2541    i.HAL_CAN_ErrorCallback  stm32f1xx_hal_can.o
    0x0800112c   0x00000234   Code   RO         2544    i.HAL_CAN_IRQHandler  stm32f1xx_hal_can.o
    0x08001360   0x0000012c   Code   RO         2545    i.HAL_CAN_Init      stm32f1xx_hal_can.o
    0x0800148c   0x00000068   Code   RO          191    i.HAL_CAN_MspInit   can.o
    0x080014f4   0x000000b4   Code   RO         2549    i.HAL_CAN_Receive_IT  stm32f1xx_hal_can.o
    0x080015a8   0x0000000c   Code   RO          728    i.HAL_CAN_RxCpltCallback  bsp_can.o
    0x080015b4   0x00000002   Code   RO         2554    i.HAL_CAN_TxCpltCallback  stm32f1xx_hal_can.o
    0x080015b6   0x00000002   PAD
    0x080015b8   0x00000130   Code   RO         1129    i.HAL_DMA_Abort_IT  stm32f1xx_hal_dma.o
    0x080016e8   0x00000248   Code   RO         1133    i.HAL_DMA_IRQHandler  stm32f1xx_hal_dma.o
    0x08001930   0x00000084   Code   RO         1134    i.HAL_DMA_Init      stm32f1xx_hal_dma.o
    0x080019b4   0x00000070   Code   RO         1138    i.HAL_DMA_Start_IT  stm32f1xx_hal_dma.o
    0x08001a24   0x0000001c   Code   RO          993    i.HAL_Delay         stm32f1xx_hal.o
    0x08001a40   0x000001e8   Code   RO         1261    i.HAL_GPIO_Init     stm32f1xx_hal_gpio.o
    0x08001c28   0x0000000a   Code   RO         1263    i.HAL_GPIO_ReadPin  stm32f1xx_hal_gpio.o
    0x08001c32   0x00000008   Code   RO         1264    i.HAL_GPIO_TogglePin  stm32f1xx_hal_gpio.o
    0x08001c3a   0x0000000a   Code   RO         1265    i.HAL_GPIO_WritePin  stm32f1xx_hal_gpio.o
    0x08001c44   0x0000000c   Code   RO          997    i.HAL_GetTick       stm32f1xx_hal.o
    0x08001c50   0x00000010   Code   RO          999    i.HAL_IncTick       stm32f1xx_hal.o
    0x08001c60   0x00000024   Code   RO         1000    i.HAL_Init          stm32f1xx_hal.o
    0x08001c84   0x00000028   Code   RO         1001    i.HAL_InitTick      stm32f1xx_hal.o
    0x08001cac   0x00000084   Code   RO          316    i.HAL_MspInit       stm32f1xx_hal_msp.o
    0x08001d30   0x00000016   Code   RO         1741    i.HAL_NVIC_EnableIRQ  stm32f1xx_hal_cortex.o
    0x08001d46   0x00000002   PAD
    0x08001d48   0x00000040   Code   RO         1747    i.HAL_NVIC_SetPriority  stm32f1xx_hal_cortex.o
    0x08001d88   0x00000024   Code   RO         1748    i.HAL_NVIC_SetPriorityGrouping  stm32f1xx_hal_cortex.o
    0x08001dac   0x00000154   Code   RO         3022    i.HAL_RCC_ClockConfig  stm32f1xx_hal_rcc.o
    0x08001f00   0x0000000c   Code   RO         3027    i.HAL_RCC_GetHCLKFreq  stm32f1xx_hal_rcc.o
    0x08001f0c   0x00000020   Code   RO         3029    i.HAL_RCC_GetPCLK1Freq  stm32f1xx_hal_rcc.o
    0x08001f2c   0x00000020   Code   RO         3030    i.HAL_RCC_GetPCLK2Freq  stm32f1xx_hal_rcc.o
    0x08001f4c   0x0000006c   Code   RO         3031    i.HAL_RCC_GetSysClockFreq  stm32f1xx_hal_rcc.o
    0x08001fb8   0x00000304   Code   RO         3034    i.HAL_RCC_OscConfig  stm32f1xx_hal_rcc.o
    0x080022bc   0x00000018   Code   RO         1750    i.HAL_SYSTICK_CLKSourceConfig  stm32f1xx_hal_cortex.o
    0x080022d4   0x00000002   Code   RO         1751    i.HAL_SYSTICK_Callback  stm32f1xx_hal_cortex.o
    0x080022d6   0x00000028   Code   RO         1752    i.HAL_SYSTICK_Config  stm32f1xx_hal_cortex.o
    0x080022fe   0x00000008   Code   RO         1753    i.HAL_SYSTICK_IRQHandler  stm32f1xx_hal_cortex.o
    0x08002306   0x00000002   Code   RO         2663    i.HAL_TIMEx_BreakCallback  stm32f1xx_hal_tim_ex.o
    0x08002308   0x00000002   Code   RO         2664    i.HAL_TIMEx_CommutationCallback  stm32f1xx_hal_tim_ex.o
    0x0800230a   0x00000050   Code   RO         2680    i.HAL_TIMEx_MasterConfigSynchronization  stm32f1xx_hal_tim_ex.o
    0x0800235a   0x00000036   Code   RO         1909    i.HAL_TIM_Base_Init  stm32f1xx_hal_tim.o
    0x08002390   0x0000003c   Code   RO          275    i.HAL_TIM_Base_MspInit  tim.o
    0x080023cc   0x00000018   Code   RO         1914    i.HAL_TIM_Base_Start_IT  stm32f1xx_hal_tim.o
    0x080023e4   0x000000f2   Code   RO         1918    i.HAL_TIM_ConfigClockSource  stm32f1xx_hal_tim.o
    0x080024d6   0x00000002   Code   RO         1938    i.HAL_TIM_IC_CaptureCallback  stm32f1xx_hal_tim.o
    0x080024d8   0x00000166   Code   RO         1951    i.HAL_TIM_IRQHandler  stm32f1xx_hal_tim.o
    0x0800263e   0x00000002   Code   RO         1954    i.HAL_TIM_OC_DelayElapsedCallback  stm32f1xx_hal_tim.o
    0x08002640   0x00000002   Code   RO         1981    i.HAL_TIM_PWM_PulseFinishedCallback  stm32f1xx_hal_tim.o
    0x08002642   0x00000002   PAD
    0x08002644   0x00000020   Code   RO          578    i.HAL_TIM_PeriodElapsedCallback  bsp_timer.o
    0x08002664   0x00000002   Code   RO         1992    i.HAL_TIM_TriggerCallback  stm32f1xx_hal_tim.o
    0x08002666   0x00000002   Code   RO         1345    i.HAL_UART_ErrorCallback  stm32f1xx_hal_uart.o
    0x08002668   0x00000110   Code   RO         1348    i.HAL_UART_IRQHandler  stm32f1xx_hal_uart.o
    0x08002778   0x00000062   Code   RO         1349    i.HAL_UART_Init     stm32f1xx_hal_uart.o
    0x080027da   0x00000002   PAD
    0x080027dc   0x000000b0   Code   RO          233    i.HAL_UART_MspInit  usart.o
    0x0800288c   0x00000052   Code   RO         1354    i.HAL_UART_Receive_IT  stm32f1xx_hal_uart.o
    0x080028de   0x00000002   PAD
    0x080028e0   0x0000002c   Code   RO          606    i.HAL_UART_RxCpltCallback  bsp_uart.o
    0x0800290c   0x00000080   Code   RO         1358    i.HAL_UART_Transmit_DMA  stm32f1xx_hal_uart.o
    0x0800298c   0x00000002   Code   RO         1360    i.HAL_UART_TxCpltCallback  stm32f1xx_hal_uart.o
    0x0800298e   0x00000002   Code   RO         1361    i.HAL_UART_TxHalfCpltCallback  stm32f1xx_hal_uart.o
    0x08002990   0x00000002   Code   RO          367    i.HardFault_Handler  stm32f1xx_it.o
    0x08002992   0x00000002   PAD
    0x08002994   0x0000000c   Code   RO          538    i.LED_Toggle        bsp_led.o
    0x080029a0   0x00000058   Code   RO          192    i.MX_CAN_Init       can.o
    0x080029f8   0x0000002c   Code   RO          340    i.MX_DMA_Init       dma.o
    0x08002a24   0x00000128   Code   RO          464    i.MX_GPIO_Init      gpio.o
    0x08002b4c   0x00000078   Code   RO          276    i.MX_TIM3_Init      tim.o
    0x08002bc4   0x0000004c   Code   RO          234    i.MX_USART1_UART_Init  usart.o
    0x08002c10   0x00000002   Code   RO          368    i.MemManage_Handler  stm32f1xx_it.o
    0x08002c12   0x00000002   Code   RO          369    i.NMI_Handler       stm32f1xx_it.o
    0x08002c14   0x00000020   Code   RO         1754    i.NVIC_SetPriority  stm32f1xx_hal_cortex.o
    0x08002c34   0x00000002   Code   RO          370    i.PendSV_Handler    stm32f1xx_it.o
    0x08002c36   0x00000002   PAD
    0x08002c38   0x0000019c   Code   RO          490    i.PrintChannelStatus  bsp_channel.o
    0x08002dd4   0x00000002   Code   RO          371    i.SVC_Handler       stm32f1xx_it.o
    0x08002dd6   0x0000000e   Code   RO          372    i.SysTick_Handler   stm32f1xx_it.o
    0x08002de4   0x0000006e   Code   RO            4    i.SystemClock_Config  main.o
    0x08002e52   0x00000002   PAD
    0x08002e54   0x00000048   Code   RO          949    i.SystemInit        system_stm32f1xx.o
    0x08002e9c   0x0000000c   Code   RO          373    i.TIM3_IRQHandler   stm32f1xx_it.o
    0x08002ea8   0x000000c8   Code   RO         1993    i.TIM_Base_SetConfig  stm32f1xx_hal_tim.o
    0x08002f70   0x00000014   Code   RO         2000    i.TIM_ETR_SetConfig  stm32f1xx_hal_tim.o
    0x08002f84   0x00000010   Code   RO         2001    i.TIM_ITRx_SetConfig  stm32f1xx_hal_tim.o
    0x08002f94   0x00000022   Code   RO         2007    i.TIM_TI1_ConfigInputStage  stm32f1xx_hal_tim.o
    0x08002fb6   0x00000024   Code   RO         2009    i.TIM_TI2_ConfigInputStage  stm32f1xx_hal_tim.o
    0x08002fda   0x00000010   Code   RO         1362    i.UART_DMAAbortOnError  stm32f1xx_hal_uart.o
    0x08002fea   0x0000004a   Code   RO         1363    i.UART_DMAError     stm32f1xx_hal_uart.o
    0x08003034   0x0000002e   Code   RO         1368    i.UART_DMATransmitCplt  stm32f1xx_hal_uart.o
    0x08003062   0x0000000a   Code   RO         1370    i.UART_DMATxHalfCplt  stm32f1xx_hal_uart.o
    0x0800306c   0x0000001c   Code   RO         1372    i.UART_EndRxTransfer  stm32f1xx_hal_uart.o
    0x08003088   0x00000012   Code   RO         1373    i.UART_EndTxTransfer  stm32f1xx_hal_uart.o
    0x0800309a   0x00000096   Code   RO         1374    i.UART_Receive_IT   stm32f1xx_hal_uart.o
    0x08003130   0x00000170   Code   RO         1375    i.UART_SetConfig    stm32f1xx_hal_uart.o
    0x080032a0   0x00000062   Code   RO         1376    i.UART_Transmit_IT  stm32f1xx_hal_uart.o
    0x08003302   0x00000002   PAD
    0x08003304   0x0000000c   Code   RO          374    i.USART1_IRQHandler  stm32f1xx_it.o
    0x08003310   0x0000000c   Code   RO          375    i.USB_LP_CAN1_RX0_IRQHandler  stm32f1xx_it.o
    0x0800331c   0x0000002e   Code   RO          609    i.Uart_ReadAByteFromFifo  bsp_uart.o
    0x0800334a   0x00000002   PAD
    0x0800334c   0x00000020   Code   RO          610    i.Uart_Receive_Start  bsp_uart.o
    0x0800336c   0x00000038   Code   RO          611    i.Uart_WriteAByteFromFifo  bsp_uart.o
    0x080033a4   0x00000002   Code   RO          376    i.UsageFault_Handler  stm32f1xx_it.o
    0x080033a6   0x00000002   PAD
    0x080033a8   0x000000e8   Code   RO          913    i.UsartProtocol_PickFrame  bsp_usart_protocol.o
    0x08003490   0x00000002   Code   RO            5    i._Error_Handler    main.o
    0x08003492   0x00000002   PAD
    0x08003494   0x00000020   Code   RO         3510    i.__0printf         mc_w.l(printfa.o)
    0x080034b4   0x0000000e   Code   RO         3590    i.__scatterload_copy  mc_w.l(handlers.o)
    0x080034c2   0x00000002   Code   RO         3591    i.__scatterload_null  mc_w.l(handlers.o)
    0x080034c4   0x0000000e   Code   RO         3592    i.__scatterload_zeroinit  mc_w.l(handlers.o)
    0x080034d2   0x00000002   PAD
    0x080034d4   0x00000184   Code   RO         3517    i._fp_digits        mc_w.l(printfa.o)
    0x08003658   0x000006dc   Code   RO         3518    i._printf_core      mc_w.l(printfa.o)
    0x08003d34   0x00000024   Code   RO         3519    i._printf_post_padding  mc_w.l(printfa.o)
    0x08003d58   0x0000002e   Code   RO         3520    i._printf_pre_padding  mc_w.l(printfa.o)
    0x08003d86   0x00000002   PAD
    0x08003d88   0x00000018   Code   RO          612    i.fputc             bsp_uart.o
    0x08003da0   0x000000dc   Code   RO            6    i.main              main.o
    0x08003e7c   0x00000010   Data   RO          950    .constdata          system_stm32f1xx.o
    0x08003e8c   0x00000008   Data   RO          951    .constdata          system_stm32f1xx.o
    0x08003e94   0x00000020   Data   RO         3588    Region$$Table       anon$$obj.o


    Execution Region RW_IRAM1 (Base: 0x20000000, Size: 0x000007f8, Max: 0x00018000, ABSOLUTE)

    Base Addr    Size         Type   Attr      Idx    E Section Name        Object

    0x20000000   0x00000001   Data   RW          492    .data               bsp_channel.o
    0x20000001   0x00000003   PAD
    0x20000004   0x00000004   Data   RW          539    .data               bsp_led.o
    0x20000008   0x00000020   Data   RW          614    .data               bsp_uart.o
    0x20000028   0x00000004   Data   RW          615    .data               bsp_uart.o
    0x2000002c   0x00000001   Data   RW          731    .data               bsp_can.o
    0x2000002d   0x00000003   PAD
    0x20000030   0x00000004   Data   RW          952    .data               system_stm32f1xx.o
    0x20000034   0x00000004   Data   RW         1006    .data               stm32f1xx_hal.o
    0x20000038   0x00000004   Data   RW         3566    .data               mc_w.l(stdout.o)
    0x2000003c   0x00000044   Zero   RW          193    .bss                can.o
    0x20000080   0x00000084   Zero   RW          235    .bss                usart.o
    0x20000104   0x00000040   Zero   RW          277    .bss                tim.o
    0x20000144   0x00000100   Zero   RW          613    .bss                bsp_uart.o
    0x20000244   0x00000074   Zero   RW          729    .bss                bsp_can.o
    0x200002b8   0x000000b7   Zero   RW          800    .bss                bsp_event.o
    0x2000036f   0x00000001   PAD
    0x20000370   0x00000088   Zero   RW          914    .bss                bsp_usart_protocol.o
    0x200003f8   0x00000400   Zero   RW         3259    STACK               startup_stm32f103xg.o


==============================================================================

Image component sizes


      Code (inc. data)   RO Data    RW Data    ZI Data      Debug   Object Name

       668        122          0          1        116       5000   bsp_can.o
       196         42          0          0          0       2058   bsp_canprotocol.o
       720        286          0          1          0       4113   bsp_channel.o
       368         68          0          0          0       2603   bsp_dac_gpio.o
       204          0          0          0        183       3459   bsp_event.o
        12          4          0          4          0       1026   bsp_led.o
        32          4          0          0          0        868   bsp_timer.o
       202         18          0         36        256       4443   bsp_uart.o
       232         12          0          0        136       2922   bsp_usart_protocol.o
       192         36          0          0         68       1715   can.o
        44          4          0          0          0        794   dma.o
       296         22          0          0          0       1063   gpio.o
       332         34          0          0          0     501637   main.o
        36          8        304          0       1024        800   startup_stm32f103xg.o
       132         22          0          4          0       3871   stm32f1xx_hal.o
      1584         16          0          0          0       6541   stm32f1xx_hal_can.o
       228         14          0          0          0      29313   stm32f1xx_hal_cortex.o
      1174         52          0          0          0       4638   stm32f1xx_hal_dma.o
       516         42          0          0          0       4236   stm32f1xx_hal_gpio.o
       132         10          0          0          0        906   stm32f1xx_hal_msp.o
      1296        104          0          0          0       5836   stm32f1xx_hal_rcc.o
       992         44          0          0          0       9903   stm32f1xx_hal_tim.o
        84          0          0          0          0       2446   stm32f1xx_hal_tim_ex.o
      1394         24          0          0          0      11341   stm32f1xx_hal_uart.o
        78         24          0          0          0       5948   stm32f1xx_it.o
        72         16         24          4          0       1247   system_stm32f1xx.o
       180         36          0          0         64       1726   tim.o
       252         62          0          0        132       1845   usart.o

    ----------------------------------------------------------------------
     11680       1126        360         56       1980     622298   Object Totals
         0          0         32          0          0          0   (incl. Generated)
        32          0          0          6          1          0   (incl. Padding)

    ----------------------------------------------------------------------

      Code (inc. data)   RO Data    RW Data    ZI Data      Debug   Library Member Name

         0          0          0          0          0          0   entry.o
         0          0          0          0          0          0   entry10a.o
         0          0          0          0          0          0   entry11a.o
         8          4          0          0          0          0   entry2.o
         4          0          0          0          0          0   entry5.o
         0          0          0          0          0          0   entry7b.o
         0          0          0          0          0          0   entry8b.o
         8          4          0          0          0          0   entry9a.o
        30          0          0          0          0          0   handlers.o
        36          8          0          0          0         68   init.o
         0          0          0          0          0          0   iusefp.o
        30          0          0          0          0         68   llshl.o
        36          0          0          0          0         68   llsshr.o
        32          0          0          0          0         68   llushr.o
        36          0          0          0          0         68   memcpya.o
        36          0          0          0          0        108   memseta.o
      2258         90          0          0          0        452   printfa.o
         0          0          0          4          0          0   stdout.o
        44          0          0          0          0         80   uidiv.o
        98          0          0          0          0         92   uldiv.o
        48          0          0          0          0         68   cdrcmple.o
        56          0          0          0          0         88   d2f.o
       334          0          0          0          0        148   dadd.o
       222          0          0          0          0        100   ddiv.o
       186          0          0          0          0        176   depilogue.o
        48          0          0          0          0         68   dfixul.o
       228          0          0          0          0         96   dmul.o
        46          0          0          0          0         80   dscalb.o
        38          0          0          0          0         68   f2d.o
       110          0          0          0          0        168   fepilogue.o
        10          0          0          0          0         68   ffltui.o
        24          0          0          0          0         68   fscalb.o

    ----------------------------------------------------------------------
      4012        106          0          4          0       2268   Library Totals
         6          0          0          0          0          0   (incl. Padding)

    ----------------------------------------------------------------------

      Code (inc. data)   RO Data    RW Data    ZI Data      Debug   Library Name

      2656        106          0          4          0       1072   mc_w.l
      1350          0          0          0          0       1196   mf_w.l

    ----------------------------------------------------------------------
      4012        106          0          4          0       2268   Library Totals

    ----------------------------------------------------------------------

==============================================================================


      Code (inc. data)   RO Data    RW Data    ZI Data      Debug   

     15692       1232        360         60       1980     617594   Grand Totals
     15692       1232        360         60       1980     617594   ELF Image Totals
     15692       1232        360         60          0          0   ROM Totals

==============================================================================

    Total RO  Size (Code + RO Data)                16052 (  15.68kB)
    Total RW  Size (RW Data + ZI Data)              2040 (   1.99kB)
    Total ROM Size (Code + RO Data + RW Data)      16112 (  15.73kB)

==============================================================================

